
> morocco-medication-api@1.0.0 test
> jest --coverage --detectOpenHandles --forceExit

node.exe : FAIL tests/unit/authMiddleware.test.js
Au caractère C:\Users\nahli\AppData\Roaming\npm\npm.ps1:24 : 5
+     & "node$exe"  "$basedir/node_modules/npm/bin/npm-cli.js" $args
+     ~~~~~~~~~~~~~~~~~~~~~~~~~~~~~~~~~~~~~~~~~~~~~~~~~~~~~~~~~~~~~~
    + CategoryInfo          : NotSpecified: (FAIL tests/unit/authMiddleware.test.js:String) [], RemoteException
    + FullyQualifiedErrorId : NativeCommandError
 
  ÔùÅ Auth Middleware ÔÇ║ authenticate ÔÇ║ should fail with invalid token

    Invalid or expired access token

    [0m [90m 27 |[39m     [36mreturn[39m jwt[33m.[39mverify(token[33m,[39m [33mJWT_SECRET[39m)[33m;[39m
     [90m 28 |[39m   } [36mcatch[39m (err) {
    [31m[1m>[22m[39m[90m 29 |[39m     [36mthrow[39m [36mnew[39m [33mApiError[39m([35m401[39m[33m,[39m 
[32m'Invalid or expired access token'[39m)[33m;[39m
     [90m    |[39m           [31m[1m^[22m[39m
     [90m 30 |[39m   }
     [90m 31 |[39m }[33m;[39m
     [90m 32 |[39m[0m

      at verifyAccessToken (src/utils/jwt.js:29:11)
      at verifyAccessToken (src/middlewares/auth.middleware.js:14:19)
      at Object.authenticate (tests/unit/authMiddleware.test.js:41:7)

[0mGET /api/v1/organizations [32m200[0m 6.058 ms - 126[0m
[0mGET /api/v1/organizations?page=2&limit=5&sortBy=name&order=asc&search=test [32m200[0m 2.347 ms - 125[0m
[0mGET /api/v1/organizations/1 [32m200[0m 1.076 ms - 84[0m
[0mGET /api/v1/organizations/999 [33m404[0m 3.696 ms - 53[0m
[0mPOST /api/v1/organizations [32m201[0m 12.413 ms - 82[0m
[0mPOST /api/v1/organizations [33m401[0m 3.647 ms - 85[0m
[0mPUT /api/v1/organizations/1 [32m200[0m 2.379 ms - 82[0m
[0mPUT /api/v1/organizations/1 [33m401[0m 3.325 ms - 85[0m
[0mDELETE /api/v1/organizations/1 [32m204[0m 1.317 ms - -[0m
[0mDELETE /api/v1/organizations/1 [33m401[0m 1.729 ms - 85[0m
[0mGET /api/v1/manufacturers [32m200[0m 0.788 ms - 126[0m
[0mGET /api/v1/manufacturers?page=2&limit=5&sortBy=name&order=asc&search=test [32m200[0m 0.841 ms - 125[0m
[0mGET /api/v1/manufacturers/1 [32m200[0m 1.139 ms - 84[0m
[0mGET /api/v1/manufacturers/999 [33m404[0m 1.392 ms - 53[0m
[0mPOST /api/v1/manufacturers [32m201[0m 1.910 ms - 82[0m
[0mPOST /api/v1/manufacturers [33m401[0m 2.223 ms - 85[0m
[0mPUT /api/v1/manufacturers/1 [32m200[0m 2.135 ms - 82[0m
[0mPUT /api/v1/manufacturers/1 [33m401[0m 2.623 ms - 85[0m
[0mDELETE /api/v1/manufacturers/1 [32m204[0m 1.036 ms - -[0m
[0mDELETE /api/v1/manufacturers/1 [33m401[0m 2.076 ms - 85[0m
[0mGET /api/v1/categories [32m200[0m 0.801 ms - 122[0m
[0mGET /api/v1/categories?page=2&limit=5&sortBy=name&order=asc&search=test [32m200[0m 0.651 ms - 121[0m
[0mGET /api/v1/categories/1 [32m200[0m 1.303 ms - 80[0m
[0mGET /api/v1/categories/999 [33m404[0m 1.008 ms - 49[0m
[0mPOST /api/v1/categories [32m201[0m 2.068 ms - 78[0m
[0mPOST /api/v1/categories [33m401[0m 3.640 ms - 85[0m
[0mPUT /api/v1/categories/1 [32m200[0m 2.139 ms - 78[0m
[0mPUT /api/v1/categories/1 [33m401[0m 2.276 ms - 85[0m
[0mDELETE /api/v1/categories/1 [32m204[0m 1.854 ms - -[0m
[0mDELETE /api/v1/categories/1 [33m401[0m 2.971 ms - 85[0m
[0mGET /api/v1/active-ingredients [32m200[0m 1.305 ms - 130[0m
[0mGET /api/v1/active-ingredients?page=2&limit=5&sortBy=name&order=asc&search=test [32m200[0m 0.624 ms - 129[0m
[0mGET /api/v1/active-ingredients/1 [32m200[0m 0.911 ms - 88[0m
[0mGET /api/v1/active-ingredients/999 [33m404[0m 1.016 ms - 57[0m
[0mPOST /api/v1/active-ingredients [32m201[0m 1.934 ms - 86[0m
[0mPOST /api/v1/active-ingredients [33m401[0m 2.655 ms - 85[0m
[0mPUT /api/v1/active-ingredients/1 [32m200[0m 1.903 ms - 86[0m
[0mPUT /api/v1/active-ingredients/1 [33m401[0m 2.422 ms - 85[0m
[0mDELETE /api/v1/active-ingredients/1 [32m204[0m 0.979 ms - -[0m
[0mDELETE /api/v1/active-ingredients/1 [33m401[0m 1.426 ms - 85[0m
[0mGET /api/v1/medications [32m200[0m 0.843 ms - 124[0m
[0mGET /api/v1/medications?page=2&limit=5&sortBy=name&order=asc&search=test [32m200[0m 0.679 ms - 123[0m
[0mGET /api/v1/medications/1 [32m200[0m 1.165 ms - 82[0m
[0mGET /api/v1/medications/999 [33m404[0m 1.051 ms - 51[0m
[0mPOST /api/v1/medications [32m201[0m 2.293 ms - 80[0m
[0mPOST /api/v1/medications [33m401[0m 2.244 ms - 85[0m
[0mPUT /api/v1/medications/1 [32m200[0m 2.412 ms - 80[0m
[0mPUT /api/v1/medications/1 [33m401[0m 3.305 ms - 85[0m
[0mDELETE /api/v1/medications/1 [32m204[0m 1.286 ms - -[0m
[0mDELETE /api/v1/medications/1 [33m401[0m 2.138 ms - 85[0m
[0mGET /api/v1/medication-ingredients [32m200[0m 1.495 ms - 134[0m
[0mGET /api/v1/medication-ingredients?page=2&limit=5&sortBy=name&order=asc&search=test [32m200[0m 3.344 ms - 133[0m
[0mGET /api/v1/medication-ingredients/1 [32m200[0m 0.761 ms - 92[0m
[0mGET /api/v1/medication-ingredients/999 [33m404[0m 0.991 ms - 61[0m
[0mPOST /api/v1/medication-ingredients [32m201[0m 2.574 ms - 90[0m
[0mPOST /api/v1/medication-ingredients [33m401[0m 2.456 ms - 85[0m
[0mPUT /api/v1/medication-ingredients/1 [32m200[0m 1.910 ms - 90[0m
[0mPUT /api/v1/medication-ingredients/1 [33m401[0m 2.206 ms - 85[0m
[0mDELETE /api/v1/medication-ingredients/1 [32m204[0m 0.907 ms - -[0m
[0mDELETE /api/v1/medication-ingredients/1 [33m401[0m 1.570 ms - 85[0m
[0mGET /api/v1/reimbursements [32m200[0m 1.205 ms - 127[0m
[0mGET /api/v1/reimbursements?page=2&limit=5&sortBy=name&order=asc&search=test [32m200[0m 0.696 ms - 126[0m
[0mGET /api/v1/reimbursements/1 [32m200[0m 0.678 ms - 85[0m
[0mGET /api/v1/reimbursements/999 [33m404[0m 1.378 ms - 54[0m
[0mPOST /api/v1/reimbursements [32m201[0m 1.916 ms - 83[0m
[0mPOST /api/v1/reimbursements [33m401[0m 1.925 ms - 85[0m
[0mPUT /api/v1/reimbursements/1 [32m200[0m 1.836 ms - 83[0m
[0mPUT /api/v1/reimbursements/1 [33m401[0m 2.311 ms - 85[0m
[0mDELETE /api/v1/reimbursements/1 [32m204[0m 1.549 ms - -[0m
[0mDELETE /api/v1/reimbursements/1 [33m401[0m 1.508 ms - 85[0m
[0mGET /api/v1/import-histories [32m200[0m 0.828 ms - 127[0m
[0mGET /api/v1/import-histories?page=2&limit=5&sortBy=name&order=asc&search=test [32m200[0m 0.605 ms - 126[0m
[0mGET /api/v1/import-histories/1 [32m200[0m 0.731 ms - 85[0m
[0mGET /api/v1/import-histories/999 [33m404[0m 1.616 ms - 54[0m
[0mPOST /api/v1/import-histories [32m201[0m 1.844 ms - 83[0m
[0mPOST /api/v1/import-histories [33m401[0m 1.930 ms - 85[0m
[0mPUT /api/v1/import-histories/1 [32m200[0m 1.880 ms - 83[0m
[0mPUT /api/v1/import-histories/1 [33m401[0m 2.625 ms - 85[0m
PASS tests/integration/crud.api.test.js
  ÔùÅ Console

    console.error
      [ERROR] Error: Organization not found

    [0m [90m 1 |[39m [36mconst[39m logger [33m=[39m {
     [90m 2 |[39m   info[33m:[39m (msg) [33m=>[39m console[33m.[39mlog([32m`[INFO] ${msg}`[39m)[33m,[39m
    [31m[1m>[22m[39m[90m 3 |[39m   error[33m:[39m (msg) [33m=>[39m console[33m.[39merror([32m`[ERROR] 
${msg}`[39m)[33m,[39m
     [90m   |[39m                           [31m[1m^[22m[39m
     [90m 4 |[39m   warn[33m:[39m (msg) [33m=>[39m console[33m.[39mwarn([32m`[WARN] ${msg}`[39m)[33m,[39m
     [90m 5 |[39m }[33m;[39m
     [90m 6 |[39m module[33m.[39mexports [33m=[39m logger[33m;[39m[0m

      at Object.error (src/utils/logger.js:3:27)
      at error (src/middlewares/error.middleware.js:25:10)
      at Layer.handleError (node_modules/router/lib/layer.js:116:17)
      at trimPrefix (node_modules/router/index.js:340:13)
      at node_modules/router/index.js:297:9
      at processParams (node_modules/router/index.js:582:12)
      at next (node_modules/router/index.js:291:5)
      at next (src/middlewares/error.middleware.js:12:3)
      at Layer.handleError (node_modules/router/lib/layer.js:116:17)
      at trimPrefix (node_modules/router/index.js:340:13)
      at node_modules/router/index.js:297:9
      at processParams (node_modules/router/index.js:582:12)
      at next (node_modules/router/index.js:291:5)
      at Layer.handleError (node_modules/router/lib/layer.js:111:12)
      at trimPrefix (node_modules/router/index.js:340:13)
      at node_modules/router/index.js:297:9
      at processParams (node_modules/router/index.js:582:12)
      at next (node_modules/router/index.js:291:5)
      at node_modules/router/index.js:688:15
      at Immediate.next (node_modules/router/index.js:276:14)
      at Immediate._onImmediate (node_modules/router/index.js:688:15)

    console.error
      [ERROR] Error: Authentication required. Please provide a valid token.

    [0m [90m 1 |[39m [36mconst[39m logger [33m=[39m {
     [90m 2 |[39m   info[33m:[39m (msg) [33m=>[39m console[33m.[39mlog([32m`[INFO] ${msg}`[39m)[33m,[39m
    [31m[1m>[22m[39m[90m 3 |[39m   error[33m:[39m (msg) [33m=>[39m console[33m.[39merror([32m`[ERROR] 
${msg}`[39m)[33m,[39m
     [90m   |[39m                           [31m[1m^[22m[39m
     [90m 4 |[39m   warn[33m:[39m (msg) [33m=>[39m console[33m.[39mwarn([32m`[WARN] ${msg}`[39m)[33m,[39m
     [90m 5 |[39m }[33m;[39m
     [90m 6 |[39m module[33m.[39mexports [33m=[39m logger[33m;[39m[0m

      at Object.error (src/utils/logger.js:3:27)
      at error (src/middlewares/error.middleware.js:25:10)
      at Layer.handleError (node_modules/router/lib/layer.js:116:17)
      at trimPrefix (node_modules/router/index.js:340:13)
      at node_modules/router/index.js:297:9
      at processParams (node_modules/router/index.js:582:12)
      at next (node_modules/router/index.js:291:5)
      at next (src/middlewares/error.middleware.js:12:3)
      at Layer.handleError (node_modules/router/lib/layer.js:116:17)
      at trimPrefix (node_modules/router/index.js:340:13)
      at node_modules/router/index.js:297:9
      at processParams (node_modules/router/index.js:582:12)
      at next (node_modules/router/index.js:291:5)
      at Layer.handleError (node_modules/router/lib/layer.js:111:12)
      at trimPrefix (node_modules/router/index.js:340:13)
      at node_modules/router/index.js:297:9
      at processParams (node_modules/router/index.js:582:12)
      at next (node_modules/router/index.js:291:5)
      at node_modules/router/index.js:688:15
      at next (node_modules/router/index.js:276:14)
      at node_modules/router/index.js:688:15
      at next (node_modules/router/index.js:276:14)
      at next (node_modules/router/lib/route.js:132:14)
      at Layer.handleError (node_modules/router/lib/layer.js:111:12)
      at next (node_modules/router/lib/route.js:155:13)
      at Layer.handleError (node_modules/router/lib/layer.js:111:12)
      at next (node_modules/router/lib/route.js:155:13)
      at Layer.handleError (node_modules/router/lib/layer.js:111:12)
      at next (node_modules/router/lib/route.js:155:13)
      at next (src/middlewares/auth.middleware.js:10:12)
      at Layer.handleRequest (node_modules/router/lib/layer.js:152:17)
      at next (node_modules/router/lib/route.js:157:13)
      at Route.dispatch (node_modules/router/lib/route.js:117:3)
      at handle (node_modules/router/index.js:435:11)
      at Layer.handleRequest (node_modules/router/lib/layer.js:152:17)
      at node_modules/router/index.js:295:15
      at processParams (node_modules/router/index.js:582:12)
      at next (node_modules/router/index.js:291:5)
      at Function.handle (node_modules/router/index.js:186:3)
      at router (node_modules/router/index.js:60:12)
      at Layer.handleRequest (node_modules/router/lib/layer.js:152:17)
      at trimPrefix (node_modules/router/index.js:342:13)
      at node_modules/router/index.js:297:9
      at processParams (node_modules/router/index.js:582:12)
      at next (node_modules/router/index.js:291:5)
      at Function.handle (node_modules/router/index.js:186:3)
      at router (node_modules/router/index.js:60:12)
      at Layer.handleRequest (node_modules/router/lib/layer.js:152:17)
      at trimPrefix (node_modules/router/index.js:342:13)
      at node_modules/router/index.js:297:9
      at processParams (node_modules/router/index.js:582:12)
      at next (node_modules/router/index.js:291:5)
      at cors (node_modules/cors/lib/index.js:188:7)
      at node_modules/cors/lib/index.js:224:17
      at originCallback (node_modules/cors/lib/index.js:214:15)
      at node_modules/cors/lib/index.js:219:13
      at optionsCallback (node_modules/cors/lib/index.js:199:9)
      at corsMiddleware (node_modules/cors/lib/index.js:204:7)
      at Layer.handleRequest (node_modules/router/lib/layer.js:152:17)
      at trimPrefix (node_modules/router/index.js:342:13)
      at node_modules/router/index.js:297:9
      at processParams (node_modules/router/index.js:582:12)
      at next (node_modules/router/index.js:291:5)
      at compression (node_modules/compression/index.js:243:5)
      at Layer.handleRequest (node_modules/router/lib/layer.js:152:17)
      at trimPrefix (node_modules/router/index.js:342:13)
      at node_modules/router/index.js:297:9
      at processParams (node_modules/router/index.js:582:12)
      at next (node_modules/router/index.js:291:5)
      at read (node_modules/body-parser/lib/read.js:42:5)
      at urlencodedParser (node_modules/body-parser/lib/types/urlencoded.js:51:5)
      at Layer.handleRequest (node_modules/router/lib/layer.js:152:17)
      at trimPrefix (node_modules/router/index.js:342:13)
      at node_modules/router/index.js:297:9
      at processParams (node_modules/router/index.js:582:12)
      at next (node_modules/router/index.js:291:5)
      at node_modules/body-parser/lib/read.js:171:5
      at invokeCallback (node_modules/raw-body/index.js:238:16)
      at done (node_modules/raw-body/index.js:227:7)
      at IncomingMessage.onEnd (node_modules/raw-body/index.js:287:7)

    console.error
      [ERROR] Error: Authentication required. Please provide a valid token.

    [0m [90m 1 |[39m [36mconst[39m logger [33m=[39m {
     [90m 2 |[39m   info[33m:[39m (msg) [33m=>[39m console[33m.[39mlog([32m`[INFO] ${msg}`[39m)[33m,[39m
    [31m[1m>[22m[39m[90m 3 |[39m   error[33m:[39m (msg) [33m=>[39m console[33m.[39merror([32m`[ERROR] 
${msg}`[39m)[33m,[39m
     [90m   |[39m                           [31m[1m^[22m[39m
     [90m 4 |[39m   warn[33m:[39m (msg) [33m=>[39m console[33m.[39mwarn([32m`[WARN] ${msg}`[39m)[33m,[39m
     [90m 5 |[39m }[33m;[39m
     [90m 6 |[39m module[33m.[39mexports [33m=[39m logger[33m;[39m[0m

      at Object.error (src/utils/logger.js:3:27)
      at error (src/middlewares/error.middleware.js:25:10)
      at Layer.handleError (node_modules/router/lib/layer.js:116:17)
      at trimPrefix (node_modules/router/index.js:340:13)
      at node_modules/router/index.js:297:9
      at processParams (node_modules/router/index.js:582:12)
      at next (node_modules/router/index.js:291:5)
      at next (src/middlewares/error.middleware.js:12:3)
      at Layer.handleError (node_modules/router/lib/layer.js:116:17)
      at trimPrefix (node_modules/router/index.js:340:13)
      at node_modules/router/index.js:297:9
      at processParams (node_modules/router/index.js:582:12)
      at next (node_modules/router/index.js:291:5)
      at Layer.handleError (node_modules/router/lib/layer.js:111:12)
      at trimPrefix (node_modules/router/index.js:340:13)
      at node_modules/router/index.js:297:9
      at processParams (node_modules/router/index.js:582:12)
      at next (node_modules/router/index.js:291:5)
      at node_modules/router/index.js:688:15
      at Immediate.next (node_modules/router/index.js:276:14)
      at Immediate._onImmediate (node_modules/router/index.js:688:15)

    console.error
      [ERROR] Error: Authentication required. Please provide a valid token.

    [0m [90m 1 |[39m [36mconst[39m logger [33m=[39m {
     [90m 2 |[39m   info[33m:[39m (msg) [33m=>[39m console[33m.[39mlog([32m`[INFO] ${msg}`[39m)[33m,[39m
    [31m[1m>[22m[39m[90m 3 |[39m   error[33m:[39m (msg) [33m=>[39m console[33m.[39merror([32m`[ERROR] 
${msg}`[39m)[33m,[39m
     [90m   |[39m                           [31m[1m^[22m[39m
     [90m 4 |[39m   warn[33m:[39m (msg) [33m=>[39m console[33m.[39mwarn([32m`[WARN] ${msg}`[39m)[33m,[39m
     [90m 5 |[39m }[33m;[39m
     [90m 6 |[39m module[33m.[39mexports [33m=[39m logger[33m;[39m[0m

      at Object.error (src/utils/logger.js:3:27)
      at error (src/middlewares/error.middleware.js:25:10)
      at Layer.handleError (node_modules/router/lib/layer.js:116:17)
      at trimPrefix (node_modules/router/index.js:340:13)
      at node_modules/router/index.js:297:9
      at processParams (node_modules/router/index.js:582:12)
      at next (node_modules/router/index.js:291:5)
      at next (src/middlewares/error.middleware.js:12:3)
      at Layer.handleError (node_modules/router/lib/layer.js:116:17)
      at trimPrefix (node_modules/router/index.js:340:13)
      at node_modules/router/index.js:297:9
      at processParams (node_modules/router/index.js:582:12)
      at next (node_modules/router/index.js:291:5)
      at Layer.handleError (node_modules/router/lib/layer.js:111:12)
      at trimPrefix (node_modules/router/index.js:340:13)
      at node_modules/router/index.js:297:9
      at processParams (node_modules/router/index.js:582:12)
      at next (node_modules/router/index.js:291:5)
      at node_modules/router/index.js:688:15
      at Immediate.next (node_modules/router/index.js:276:14)
      at Immediate._onImmediate (node_modules/router/index.js:688:15)

    console.error
      [ERROR] Error: Manufacturer not found

    [0m [90m 1 |[39m [36mconst[39m logger [33m=[39m {
     [90m 2 |[39m   info[33m:[39m (msg) [33m=>[39m console[33m.[39mlog([32m`[INFO] ${msg}`[39m)[33m,[39m
    [31m[1m>[22m[39m[90m 3 |[39m   error[33m:[39m (msg) [33m=>[39m console[33m.[39merror([32m`[ERROR] 
${msg}`[39m)[33m,[39m
     [90m   |[39m                           [31m[1m^[22m[39m
     [90m 4 |[39m   warn[33m:[39m (msg) [33m=>[39m console[33m.[39mwarn([32m`[WARN] ${msg}`[39m)[33m,[39m
     [90m 5 |[39m }[33m;[39m
     [90m 6 |[39m module[33m.[39mexports [33m=[39m logger[33m;[39m[0m

      at Object.error (src/utils/logger.js:3:27)
      at error (src/middlewares/error.middleware.js:25:10)
      at Layer.handleError (node_modules/router/lib/layer.js:116:17)
      at trimPrefix (node_modules/router/index.js:340:13)
      at node_modules/router/index.js:297:9
      at processParams (node_modules/router/index.js:582:12)
      at next (node_modules/router/index.js:291:5)
      at next (src/middlewares/error.middleware.js:12:3)
      at Layer.handleError (node_modules/router/lib/layer.js:116:17)
      at trimPrefix (node_modules/router/index.js:340:13)
      at node_modules/router/index.js:297:9
      at processParams (node_modules/router/index.js:582:12)
      at next (node_modules/router/index.js:291:5)
      at Layer.handleError (node_modules/router/lib/layer.js:111:12)
      at trimPrefix (node_modules/router/index.js:340:13)
      at node_modules/router/index.js:297:9
      at processParams (node_modules/router/index.js:582:12)
      at next (node_modules/router/index.js:291:5)
      at node_modules/router/index.js:688:15
      at Immediate.next (node_modules/router/index.js:276:14)
      at Immediate._onImmediate (node_modules/router/index.js:688:15)

    console.error
      [ERROR] Error: Authentication required. Please provide a valid token.

    [0m [90m 1 |[39m [36mconst[39m logger [33m=[39m {
     [90m 2 |[39m   info[33m:[39m (msg) [33m=>[39m console[33m.[39mlog([32m`[INFO] ${msg}`[39m)[33m,[39m
    [31m[1m>[22m[39m[90m 3 |[39m   error[33m:[39m (msg) [33m=>[39m console[33m.[39merror([32m`[ERROR] 
${msg}`[39m)[33m,[39m
     [90m   |[39m                           [31m[1m^[22m[39m
     [90m 4 |[39m   warn[33m:[39m (msg) [33m=>[39m console[33m.[39mwarn([32m`[WARN] ${msg}`[39m)[33m,[39m
     [90m 5 |[39m }[33m;[39m
     [90m 6 |[39m module[33m.[39mexports [33m=[39m logger[33m;[39m[0m

      at Object.error (src/utils/logger.js:3:27)
      at error (src/middlewares/error.middleware.js:25:10)
      at Layer.handleError (node_modules/router/lib/layer.js:116:17)
      at trimPrefix (node_modules/router/index.js:340:13)
      at node_modules/router/index.js:297:9
      at processParams (node_modules/router/index.js:582:12)
      at next (node_modules/router/index.js:291:5)
      at next (src/middlewares/error.middleware.js:12:3)
      at Layer.handleError (node_modules/router/lib/layer.js:116:17)
      at trimPrefix (node_modules/router/index.js:340:13)
      at node_modules/router/index.js:297:9
      at processParams (node_modules/router/index.js:582:12)
      at next (node_modules/router/index.js:291:5)
      at Layer.handleError (node_modules/router/lib/layer.js:111:12)
      at trimPrefix (node_modules/router/index.js:340:13)
      at node_modules/router/index.js:297:9
      at processParams (node_modules/router/index.js:582:12)
      at next (node_modules/router/index.js:291:5)
      at node_modules/router/index.js:688:15
      at next (node_modules/router/index.js:276:14)
      at node_modules/router/index.js:688:15
      at next (node_modules/router/index.js:276:14)
      at next (node_modules/router/lib/route.js:132:14)
      at Layer.handleError (node_modules/router/lib/layer.js:111:12)
      at next (node_modules/router/lib/route.js:155:13)
      at Layer.handleError (node_modules/router/lib/layer.js:111:12)
      at next (node_modules/router/lib/route.js:155:13)
      at Layer.handleError (node_modules/router/lib/layer.js:111:12)
      at next (node_modules/router/lib/route.js:155:13)
      at next (src/middlewares/auth.middleware.js:10:12)
      at Layer.handleRequest (node_modules/router/lib/layer.js:152:17)
      at next (node_modules/router/lib/route.js:157:13)
      at Route.dispatch (node_modules/router/lib/route.js:117:3)
      at handle (node_modules/router/index.js:435:11)
      at Layer.handleRequest (node_modules/router/lib/layer.js:152:17)
      at node_modules/router/index.js:295:15
      at processParams (node_modules/router/index.js:582:12)
      at next (node_modules/router/index.js:291:5)
      at Function.handle (node_modules/router/index.js:186:3)
      at router (node_modules/router/index.js:60:12)
      at Layer.handleRequest (node_modules/router/lib/layer.js:152:17)
      at trimPrefix (node_modules/router/index.js:342:13)
      at node_modules/router/index.js:297:9
      at processParams (node_modules/router/index.js:582:12)
      at next (node_modules/router/index.js:291:5)
      at Function.handle (node_modules/router/index.js:186:3)
      at router (node_modules/router/index.js:60:12)
      at Layer.handleRequest (node_modules/router/lib/layer.js:152:17)
      at trimPrefix (node_modules/router/index.js:342:13)
      at node_modules/router/index.js:297:9
      at processParams (node_modules/router/index.js:582:12)
      at next (node_modules/router/index.js:291:5)
      at cors (node_modules/cors/lib/index.js:188:7)
      at node_modules/cors/lib/index.js:224:17
      at originCallback (node_modules/cors/lib/index.js:214:15)
      at node_modules/cors/lib/index.js:219:13
      at optionsCallback (node_modules/cors/lib/index.js:199:9)
      at corsMiddleware (node_modules/cors/lib/index.js:204:7)
      at Layer.handleRequest (node_modules/router/lib/layer.js:152:17)
      at trimPrefix (node_modules/router/index.js:342:13)
      at node_modules/router/index.js:297:9
      at processParams (node_modules/router/index.js:582:12)
      at next (node_modules/router/index.js:291:5)
      at compression (node_modules/compression/index.js:243:5)
      at Layer.handleRequest (node_modules/router/lib/layer.js:152:17)
      at trimPrefix (node_modules/router/index.js:342:13)
      at node_modules/router/index.js:297:9
      at processParams (node_modules/router/index.js:582:12)
      at next (node_modules/router/index.js:291:5)
      at read (node_modules/body-parser/lib/read.js:42:5)
      at urlencodedParser (node_modules/body-parser/lib/types/urlencoded.js:51:5)
      at Layer.handleRequest (node_modules/router/lib/layer.js:152:17)
      at trimPrefix (node_modules/router/index.js:342:13)
      at node_modules/router/index.js:297:9
      at processParams (node_modules/router/index.js:582:12)
      at next (node_modules/router/index.js:291:5)
      at node_modules/body-parser/lib/read.js:171:5
      at invokeCallback (node_modules/raw-body/index.js:238:16)
      at done (node_modules/raw-body/index.js:227:7)
      at IncomingMessage.onEnd (node_modules/raw-body/index.js:287:7)

    console.error
      [ERROR] Error: Authentication required. Please provide a valid token.

    [0m [90m 1 |[39m [36mconst[39m logger [33m=[39m {
     [90m 2 |[39m   info[33m:[39m (msg) [33m=>[39m console[33m.[39mlog([32m`[INFO] ${msg}`[39m)[33m,[39m
    [31m[1m>[22m[39m[90m 3 |[39m   error[33m:[39m (msg) [33m=>[39m console[33m.[39merror([32m`[ERROR] 
${msg}`[39m)[33m,[39m
     [90m   |[39m                           [31m[1m^[22m[39m
     [90m 4 |[39m   warn[33m:[39m (msg) [33m=>[39m console[33m.[39mwarn([32m`[WARN] ${msg}`[39m)[33m,[39m
     [90m 5 |[39m }[33m;[39m
     [90m 6 |[39m module[33m.[39mexports [33m=[39m logger[33m;[39m[0m

      at Object.error (src/utils/logger.js:3:27)
      at error (src/middlewares/error.middleware.js:25:10)
      at Layer.handleError (node_modules/router/lib/layer.js:116:17)
      at trimPrefix (node_modules/router/index.js:340:13)
      at node_modules/router/index.js:297:9
      at processParams (node_modules/router/index.js:582:12)
      at next (node_modules/router/index.js:291:5)
      at next (src/middlewares/error.middleware.js:12:3)
      at Layer.handleError (node_modules/router/lib/layer.js:116:17)
      at trimPrefix (node_modules/router/index.js:340:13)
      at node_modules/router/index.js:297:9
      at processParams (node_modules/router/index.js:582:12)
      at next (node_modules/router/index.js:291:5)
      at Layer.handleError (node_modules/router/lib/layer.js:111:12)
      at trimPrefix (node_modules/router/index.js:340:13)
      at node_modules/router/index.js:297:9
      at processParams (node_modules/router/index.js:582:12)
      at next (node_modules/router/index.js:291:5)
      at node_modules/router/index.js:688:15
      at Immediate.next (node_modules/router/index.js:276:14)
      at Immediate._onImmediate (node_modules/router/index.js:688:15)

    console.error
      [ERROR] Error: Authentication required. Please provide a valid token.

    [0m [90m 1 |[39m [36mconst[39m logger [33m=[39m {
     [90m 2 |[39m   info[33m:[39m (msg) [33m=>[39m console[33m.[39mlog([32m`[INFO] ${msg}`[39m)[33m,[39m
    [31m[1m>[22m[39m[90m 3 |[39m   error[33m:[39m (msg) [33m=>[39m console[33m.[39merror([32m`[ERROR] 
${msg}`[39m)[33m,[39m
     [90m   |[39m                           [31m[1m^[22m[39m
     [90m 4 |[39m   warn[33m:[39m (msg) [33m=>[39m console[33m.[39mwarn([32m`[WARN] ${msg}`[39m)[33m,[39m
     [90m 5 |[39m }[33m;[39m
     [90m 6 |[39m module[33m.[39mexports [33m=[39m logger[33m;[39m[0m

      at Object.error (src/utils/logger.js:3:27)
      at error (src/middlewares/error.middleware.js:25:10)
      at Layer.handleError (node_modules/router/lib/layer.js:116:17)
      at trimPrefix (node_modules/router/index.js:340:13)
      at node_modules/router/index.js:297:9
      at processParams (node_modules/router/index.js:582:12)
      at next (node_modules/router/index.js:291:5)
      at next (src/middlewares/error.middleware.js:12:3)
      at Layer.handleError (node_modules/router/lib/layer.js:116:17)
      at trimPrefix (node_modules/router/index.js:340:13)
      at node_modules/router/index.js:297:9
      at processParams (node_modules/router/index.js:582:12)
      at next (node_modules/router/index.js:291:5)
      at Layer.handleError (node_modules/router/lib/layer.js:111:12)
      at trimPrefix (node_modules/router/index.js:340:13)
      at node_modules/router/index.js:297:9
      at processParams (node_modules/router/index.js:582:12)
      at next (node_modules/router/index.js:291:5)
      at node_modules/router/index.js:688:15
      at Immediate.next (node_modules/router/index.js:276:14)
      at Immediate._onImmediate (node_modules/router/index.js:688:15)

    console.error
      [ERROR] Error: Category not found

    [0m [90m 1 |[39m [36mconst[39m logger [33m=[39m {
     [90m 2 |[39m   info[33m:[39m (msg) [33m=>[39m console[33m.[39mlog([32m`[INFO] ${msg}`[39m)[33m,[39m
    [31m[1m>[22m[39m[90m 3 |[39m   error[33m:[39m (msg) [33m=>[39m console[33m.[39merror([32m`[ERROR] 
${msg}`[39m)[33m,[39m
     [90m   |[39m                           [31m[1m^[22m[39m
     [90m 4 |[39m   warn[33m:[39m (msg) [33m=>[39m console[33m.[39mwarn([32m`[WARN] ${msg}`[39m)[33m,[39m
     [90m 5 |[39m }[33m;[39m
     [90m 6 |[39m module[33m.[39mexports [33m=[39m logger[33m;[39m[0m

      at Object.error (src/utils/logger.js:3:27)
      at error (src/middlewares/error.middleware.js:25:10)
      at Layer.handleError (node_modules/router/lib/layer.js:116:17)
      at trimPrefix (node_modules/router/index.js:340:13)
      at node_modules/router/index.js:297:9
      at processParams (node_modules/router/index.js:582:12)
      at next (node_modules/router/index.js:291:5)
      at next (src/middlewares/error.middleware.js:12:3)
      at Layer.handleError (node_modules/router/lib/layer.js:116:17)
      at trimPrefix (node_modules/router/index.js:340:13)
      at node_modules/router/index.js:297:9
      at processParams (node_modules/router/index.js:582:12)
      at next (node_modules/router/index.js:291:5)
      at Layer.handleError (node_modules/router/lib/layer.js:111:12)
      at trimPrefix (node_modules/router/index.js:340:13)
      at node_modules/router/index.js:297:9
      at processParams (node_modules/router/index.js:582:12)
      at next (node_modules/router/index.js:291:5)
      at node_modules/router/index.js:688:15
      at Immediate.next (node_modules/router/index.js:276:14)
      at Immediate._onImmediate (node_modules/router/index.js:688:15)

    console.error
      [ERROR] Error: Authentication required. Please provide a valid token.

    [0m [90m 1 |[39m [36mconst[39m logger [33m=[39m {
     [90m 2 |[39m   info[33m:[39m (msg) [33m=>[39m console[33m.[39mlog([32m`[INFO] ${msg}`[39m)[33m,[39m
    [31m[1m>[22m[39m[90m 3 |[39m   error[33m:[39m (msg) [33m=>[39m console[33m.[39merror([32m`[ERROR] 
${msg}`[39m)[33m,[39m
     [90m   |[39m                           [31m[1m^[22m[39m
     [90m 4 |[39m   warn[33m:[39m (msg) [33m=>[39m console[33m.[39mwarn([32m`[WARN] ${msg}`[39m)[33m,[39m
     [90m 5 |[39m }[33m;[39m
     [90m 6 |[39m module[33m.[39mexports [33m=[39m logger[33m;[39m[0m

      at Object.error (src/utils/logger.js:3:27)
      at error (src/middlewares/error.middleware.js:25:10)
      at Layer.handleError (node_modules/router/lib/layer.js:116:17)
      at trimPrefix (node_modules/router/index.js:340:13)
      at node_modules/router/index.js:297:9
      at processParams (node_modules/router/index.js:582:12)
      at next (node_modules/router/index.js:291:5)
      at next (src/middlewares/error.middleware.js:12:3)
      at Layer.handleError (node_modules/router/lib/layer.js:116:17)
      at trimPrefix (node_modules/router/index.js:340:13)
      at node_modules/router/index.js:297:9
      at processParams (node_modules/router/index.js:582:12)
      at next (node_modules/router/index.js:291:5)
      at Layer.handleError (node_modules/router/lib/layer.js:111:12)
      at trimPrefix (node_modules/router/index.js:340:13)
      at node_modules/router/index.js:297:9
      at processParams (node_modules/router/index.js:582:12)
      at next (node_modules/router/index.js:291:5)
      at node_modules/router/index.js:688:15
      at next (node_modules/router/index.js:276:14)
      at node_modules/router/index.js:688:15
      at next (node_modules/router/index.js:276:14)
      at next (node_modules/router/lib/route.js:132:14)
      at Layer.handleError (node_modules/router/lib/layer.js:111:12)
      at next (node_modules/router/lib/route.js:155:13)
      at Layer.handleError (node_modules/router/lib/layer.js:111:12)
      at next (node_modules/router/lib/route.js:155:13)
      at Layer.handleError (node_modules/router/lib/layer.js:111:12)
      at next (node_modules/router/lib/route.js:155:13)
      at next (src/middlewares/auth.middleware.js:10:12)
      at Layer.handleRequest (node_modules/router/lib/layer.js:152:17)
      at next (node_modules/router/lib/route.js:157:13)
      at Route.dispatch (node_modules/router/lib/route.js:117:3)
      at handle (node_modules/router/index.js:435:11)
      at Layer.handleRequest (node_modules/router/lib/layer.js:152:17)
      at node_modules/router/index.js:295:15
      at processParams (node_modules/router/index.js:582:12)
      at next (node_modules/router/index.js:291:5)
      at Function.handle (node_modules/router/index.js:186:3)
      at router (node_modules/router/index.js:60:12)
      at Layer.handleRequest (node_modules/router/lib/layer.js:152:17)
      at trimPrefix (node_modules/router/index.js:342:13)
      at node_modules/router/index.js:297:9
      at processParams (node_modules/router/index.js:582:12)
      at next (node_modules/router/index.js:291:5)
      at Function.handle (node_modules/router/index.js:186:3)
      at router (node_modules/router/index.js:60:12)
      at Layer.handleRequest (node_modules/router/lib/layer.js:152:17)
      at trimPrefix (node_modules/router/index.js:342:13)
      at node_modules/router/index.js:297:9
      at processParams (node_modules/router/index.js:582:12)
      at next (node_modules/router/index.js:291:5)
      at cors (node_modules/cors/lib/index.js:188:7)
      at node_modules/cors/lib/index.js:224:17
      at originCallback (node_modules/cors/lib/index.js:214:15)
      at node_modules/cors/lib/index.js:219:13
      at optionsCallback (node_modules/cors/lib/index.js:199:9)
      at corsMiddleware (node_modules/cors/lib/index.js:204:7)
      at Layer.handleRequest (node_modules/router/lib/layer.js:152:17)
      at trimPrefix (node_modules/router/index.js:342:13)
      at node_modules/router/index.js:297:9
      at processParams (node_modules/router/index.js:582:12)
      at next (node_modules/router/index.js:291:5)
      at compression (node_modules/compression/index.js:243:5)
      at Layer.handleRequest (node_modules/router/lib/layer.js:152:17)
      at trimPrefix (node_modules/router/index.js:342:13)
      at node_modules/router/index.js:297:9
      at processParams (node_modules/router/index.js:582:12)
      at next (node_modules/router/index.js:291:5)
      at read (node_modules/body-parser/lib/read.js:42:5)
      at urlencodedParser (node_modules/body-parser/lib/types/urlencoded.js:51:5)
      at Layer.handleRequest (node_modules/router/lib/layer.js:152:17)
      at trimPrefix (node_modules/router/index.js:342:13)
      at node_modules/router/index.js:297:9
      at processParams (node_modules/router/index.js:582:12)
      at next (node_modules/router/index.js:291:5)
      at node_modules/body-parser/lib/read.js:171:5
      at invokeCallback (node_modules/raw-body/index.js:238:16)
      at done (node_modules/raw-body/index.js:227:7)
      at IncomingMessage.onEnd (node_modules/raw-body/index.js:287:7)

    console.error
      [ERROR] Error: Authentication required. Please provide a valid token.

    [0m [90m 1 |[39m [36mconst[39m logger [33m=[39m {
     [90m 2 |[39m   info[33m:[39m (msg) [33m=>[39m console[33m.[39mlog([32m`[INFO] ${msg}`[39m)[33m,[39m
    [31m[1m>[22m[39m[90m 3 |[39m   error[33m:[39m (msg) [33m=>[39m console[33m.[39merror([32m`[ERROR] 
${msg}`[39m)[33m,[39m
     [90m   |[39m                           [31m[1m^[22m[39m
     [90m 4 |[39m   warn[33m:[39m (msg) [33m=>[39m console[33m.[39mwarn([32m`[WARN] ${msg}`[39m)[33m,[39m
     [90m 5 |[39m }[33m;[39m
     [90m 6 |[39m module[33m.[39mexports [33m=[39m logger[33m;[39m[0m

      at Object.error (src/utils/logger.js:3:27)
      at error (src/middlewares/error.middleware.js:25:10)
      at Layer.handleError (node_modules/router/lib/layer.js:116:17)
      at trimPrefix (node_modules/router/index.js:340:13)
      at node_modules/router/index.js:297:9
      at processParams (node_modules/router/index.js:582:12)
      at next (node_modules/router/index.js:291:5)
      at next (src/middlewares/error.middleware.js:12:3)
      at Layer.handleError (node_modules/router/lib/layer.js:116:17)
      at trimPrefix (node_modules/router/index.js:340:13)
      at node_modules/router/index.js:297:9
      at processParams (node_modules/router/index.js:582:12)
      at next (node_modules/router/index.js:291:5)
      at Layer.handleError (node_modules/router/lib/layer.js:111:12)
      at trimPrefix (node_modules/router/index.js:340:13)
      at node_modules/router/index.js:297:9
      at processParams (node_modules/router/index.js:582:12)
      at next (node_modules/router/index.js:291:5)
      at node_modules/router/index.js:688:15
      at Immediate.next (node_modules/router/index.js:276:14)
      at Immediate._onImmediate (node_modules/router/index.js:688:15)

    console.error
      [ERROR] Error: Authentication required. Please provide a valid token.

    [0m [90m 1 |[39m [36mconst[39m logger [33m=[39m {
     [90m 2 |[39m   info[33m:[39m (msg) [33m=>[39m console[33m.[39mlog([32m`[INFO] ${msg}`[39m)[33m,[39m
    [31m[1m>[22m[39m[90m 3 |[39m   error[33m:[39m (msg) [33m=>[39m console[33m.[39merror([32m`[ERROR] 
${msg}`[39m)[33m,[39m
     [90m   |[39m                           [31m[1m^[22m[39m
     [90m 4 |[39m   warn[33m:[39m (msg) [33m=>[39m console[33m.[39mwarn([32m`[WARN] ${msg}`[39m)[33m,[39m
     [90m 5 |[39m }[33m;[39m
     [90m 6 |[39m module[33m.[39mexports [33m=[39m logger[33m;[39m[0m

      at Object.error (src/utils/logger.js:3:27)
      at error (src/middlewares/error.middleware.js:25:10)
      at Layer.handleError (node_modules/router/lib/layer.js:116:17)
      at trimPrefix (node_modules/router/index.js:340:13)
      at node_modules/router/index.js:297:9
      at processParams (node_modules/router/index.js:582:12)
      at next (node_modules/router/index.js:291:5)
      at next (src/middlewares/error.middleware.js:12:3)
      at Layer.handleError (node_modules/router/lib/layer.js:116:17)
      at trimPrefix (node_modules/router/index.js:340:13)
      at node_modules/router/index.js:297:9
      at processParams (node_modules/router/index.js:582:12)
      at next (node_modules/router/index.js:291:5)
      at Layer.handleError (node_modules/router/lib/layer.js:111:12)
      at trimPrefix (node_modules/router/index.js:340:13)
      at node_modules/router/index.js:297:9
      at processParams (node_modules/router/index.js:582:12)
      at next (node_modules/router/index.js:291:5)
      at node_modules/router/index.js:688:15
      at Immediate.next (node_modules/router/index.js:276:14)
      at Immediate._onImmediate (node_modules/router/index.js:688:15)

    console.error
      [ERROR] Error: ActiveIngredient not found

    [0m [90m 1 |[39m [36mconst[39m logger [33m=[39m {
     [90m 2 |[39m   info[33m:[39m (msg) [33m=>[39m console[33m.[39mlog([32m`[INFO] ${msg}`[39m)[33m,[39m
    [31m[1m>[22m[39m[90m 3 |[39m   error[33m:[39m (msg) [33m=>[39m console[33m.[39merror([32m`[ERROR] 
${msg}`[39m)[33m,[39m
     [90m   |[39m                           [31m[1m^[22m[39m
     [90m 4 |[39m   warn[33m:[39m (msg) [33m=>[39m console[33m.[39mwarn([32m`[WARN] ${msg}`[39m)[33m,[39m
     [90m 5 |[39m }[33m;[39m
     [90m 6 |[39m module[33m.[39mexports [33m=[39m logger[33m;[39m[0m

      at Object.error (src/utils/logger.js:3:27)
      at error (src/middlewares/error.middleware.js:25:10)
      at Layer.handleError (node_modules/router/lib/layer.js:116:17)
      at trimPrefix (node_modules/router/index.js:340:13)
      at node_modules/router/index.js:297:9
      at processParams (node_modules/router/index.js:582:12)
      at next (node_modules/router/index.js:291:5)
      at next (src/middlewares/error.middleware.js:12:3)
      at Layer.handleError (node_modules/router/lib/layer.js:116:17)
      at trimPrefix (node_modules/router/index.js:340:13)
      at node_modules/router/index.js:297:9
      at processParams (node_modules/router/index.js:582:12)
      at next (node_modules/router/index.js:291:5)
      at Layer.handleError (node_modules/router/lib/layer.js:111:12)
      at trimPrefix (node_modules/router/index.js:340:13)
      at node_modules/router/index.js:297:9
      at processParams (node_modules/router/index.js:582:12)
      at next (node_modules/router/index.js:291:5)
      at node_modules/router/index.js:688:15
      at Immediate.next (node_modules/router/index.js:276:14)
      at Immediate._onImmediate (node_modules/router/index.js:688:15)

    console.error
      [ERROR] Error: Authentication required. Please provide a valid token.

    [0m [90m 1 |[39m [36mconst[39m logger [33m=[39m {
     [90m 2 |[39m   info[33m:[39m (msg) [33m=>[39m console[33m.[39mlog([32m`[INFO] ${msg}`[39m)[33m,[39m
    [31m[1m>[22m[39m[90m 3 |[39m   error[33m:[39m (msg) [33m=>[39m console[33m.[39merror([32m`[ERROR] 
${msg}`[39m)[33m,[39m
     [90m   |[39m                           [31m[1m^[22m[39m
     [90m 4 |[39m   warn[33m:[39m (msg) [33m=>[39m console[33m.[39mwarn([32m`[WARN] ${msg}`[39m)[33m,[39m
     [90m 5 |[39m }[33m;[39m
     [90m 6 |[39m module[33m.[39mexports [33m=[39m logger[33m;[39m[0m

      at Object.error (src/utils/logger.js:3:27)
      at error (src/middlewares/error.middleware.js:25:10)
      at Layer.handleError (node_modules/router/lib/layer.js:116:17)
      at trimPrefix (node_modules/router/index.js:340:13)
      at node_modules/router/index.js:297:9
      at processParams (node_modules/router/index.js:582:12)
      at next (node_modules/router/index.js:291:5)
      at next (src/middlewares/error.middleware.js:12:3)
      at Layer.handleError (node_modules/router/lib/layer.js:116:17)
      at trimPrefix (node_modules/router/index.js:340:13)
      at node_modules/router/index.js:297:9
      at processParams (node_modules/router/index.js:582:12)
      at next (node_modules/router/index.js:291:5)
      at Layer.handleError (node_modules/router/lib/layer.js:111:12)
      at trimPrefix (node_modules/router/index.js:340:13)
      at node_modules/router/index.js:297:9
      at processParams (node_modules/router/index.js:582:12)
      at next (node_modules/router/index.js:291:5)
      at node_modules/router/index.js:688:15
      at next (node_modules/router/index.js:276:14)
      at node_modules/router/index.js:688:15
      at next (node_modules/router/index.js:276:14)
      at next (node_modules/router/lib/route.js:132:14)
      at Layer.handleError (node_modules/router/lib/layer.js:111:12)
      at next (node_modules/router/lib/route.js:155:13)
      at Layer.handleError (node_modules/router/lib/layer.js:111:12)
      at next (node_modules/router/lib/route.js:155:13)
      at Layer.handleError (node_modules/router/lib/layer.js:111:12)
      at next (node_modules/router/lib/route.js:155:13)
      at next (src/middlewares/auth.middleware.js:10:12)
      at Layer.handleRequest (node_modules/router/lib/layer.js:152:17)
      at next (node_modules/router/lib/route.js:157:13)
      at Route.dispatch (node_modules/router/lib/route.js:117:3)
      at handle (node_modules/router/index.js:435:11)
      at Layer.handleRequest (node_modules/router/lib/layer.js:152:17)
      at node_modules/router/index.js:295:15
      at processParams (node_modules/router/index.js:582:12)
      at next (node_modules/router/index.js:291:5)
      at Function.handle (node_modules/router/index.js:186:3)
      at router (node_modules/router/index.js:60:12)
      at Layer.handleRequest (node_modules/router/lib/layer.js:152:17)
      at trimPrefix (node_modules/router/index.js:342:13)
      at node_modules/router/index.js:297:9
      at processParams (node_modules/router/index.js:582:12)
      at next (node_modules/router/index.js:291:5)
      at Function.handle (node_modules/router/index.js:186:3)
      at router (node_modules/router/index.js:60:12)
      at Layer.handleRequest (node_modules/router/lib/layer.js:152:17)
      at trimPrefix (node_modules/router/index.js:342:13)
      at node_modules/router/index.js:297:9
      at processParams (node_modules/router/index.js:582:12)
      at next (node_modules/router/index.js:291:5)
      at cors (node_modules/cors/lib/index.js:188:7)
      at node_modules/cors/lib/index.js:224:17
      at originCallback (node_modules/cors/lib/index.js:214:15)
      at node_modules/cors/lib/index.js:219:13
      at optionsCallback (node_modules/cors/lib/index.js:199:9)
      at corsMiddleware (node_modules/cors/lib/index.js:204:7)
      at Layer.handleRequest (node_modules/router/lib/layer.js:152:17)
      at trimPrefix (node_modules/router/index.js:342:13)
      at node_modules/router/index.js:297:9
      at processParams (node_modules/router/index.js:582:12)
      at next (node_modules/router/index.js:291:5)
      at compression (node_modules/compression/index.js:243:5)
      at Layer.handleRequest (node_modules/router/lib/layer.js:152:17)
      at trimPrefix (node_modules/router/index.js:342:13)
      at node_modules/router/index.js:297:9
      at processParams (node_modules/router/index.js:582:12)
      at next (node_modules/router/index.js:291:5)
      at read (node_modules/body-parser/lib/read.js:42:5)
      at urlencodedParser (node_modules/body-parser/lib/types/urlencoded.js:51:5)
      at Layer.handleRequest (node_modules/router/lib/layer.js:152:17)
      at trimPrefix (node_modules/router/index.js:342:13)
      at node_modules/router/index.js:297:9
      at processParams (node_modules/router/index.js:582:12)
      at next (node_modules/router/index.js:291:5)
      at node_modules/body-parser/lib/read.js:171:5
      at invokeCallback (node_modules/raw-body/index.js:238:16)
      at done (node_modules/raw-body/index.js:227:7)
      at IncomingMessage.onEnd (node_modules/raw-body/index.js:287:7)

    console.error
      [ERROR] Error: Authentication required. Please provide a valid token.

    [0m [90m 1 |[39m [36mconst[39m logger [33m=[39m {
     [90m 2 |[39m   info[33m:[39m (msg) [33m=>[39m console[33m.[39mlog([32m`[INFO] ${msg}`[39m)[33m,[39m
    [31m[1m>[22m[39m[90m 3 |[39m   error[33m:[39m (msg) [33m=>[39m console[33m.[39merror([32m`[ERROR] 
${msg}`[39m)[33m,[39m
     [90m   |[39m                           [31m[1m^[22m[39m
     [90m 4 |[39m   warn[33m:[39m (msg) [33m=>[39m console[33m.[39mwarn([32m`[WARN] ${msg}`[39m)[33m,[39m
     [90m 5 |[39m }[33m;[39m
     [90m 6 |[39m module[33m.[39mexports [33m=[39m logger[33m;[39m[0m

      at Object.error (src/utils/logger.js:3:27)
      at error (src/middlewares/error.middleware.js:25:10)
      at Layer.handleError (node_modules/router/lib/layer.js:116:17)
      at trimPrefix (node_modules/router/index.js:340:13)
      at node_modules/router/index.js:297:9
      at processParams (node_modules/router/index.js:582:12)
      at next (node_modules/router/index.js:291:5)
      at next (src/middlewares/error.middleware.js:12:3)
      at Layer.handleError (node_modules/router/lib/layer.js:116:17)
      at trimPrefix (node_modules/router/index.js:340:13)
      at node_modules/router/index.js:297:9
      at processParams (node_modules/router/index.js:582:12)
      at next (node_modules/router/index.js:291:5)
      at Layer.handleError (node_modules/router/lib/layer.js:111:12)
      at trimPrefix (node_modules/router/index.js:340:13)
      at node_modules/router/index.js:297:9
      at processParams (node_modules/router/index.js:582:12)
      at next (node_modules/router/index.js:291:5)
      at node_modules/router/index.js:688:15
      at Immediate.next (node_modules/router/index.js:276:14)
      at Immediate._onImmediate (node_modules/router/index.js:688:15)

    console.error
      [ERROR] Error: Authentication required. Please provide a valid token.

    [0m [90m 1 |[39m [36mconst[39m logger [33m=[39m {
     [90m 2 |[39m   info[33m:[39m (msg) [33m=>[39m console[33m.[39mlog([32m`[INFO] ${msg}`[39m)[33m,[39m
    [31m[1m>[22m[39m[90m 3 |[39m   error[33m:[39m (msg) [33m=>[39m console[33m.[39merror([32m`[ERROR] 
${msg}`[39m)[33m,[39m
     [90m   |[39m                           [31m[1m^[22m[39m
     [90m 4 |[39m   warn[33m:[39m (msg) [33m=>[39m console[33m.[39mwarn([32m`[WARN] ${msg}`[39m)[33m,[39m
     [90m 5 |[39m }[33m;[39m
     [90m 6 |[39m module[33m.[39mexports [33m=[39m logger[33m;[39m[0m

      at Object.error (src/utils/logger.js:3:27)
      at error (src/middlewares/error.middleware.js:25:10)
      at Layer.handleError (node_modules/router/lib/layer.js:116:17)
      at trimPrefix (node_modules/router/index.js:340:13)
      at node_modules/router/index.js:297:9
      at processParams (node_modules/router/index.js:582:12)
      at next (node_modules/router/index.js:291:5)
      at next (src/middlewares/error.middleware.js:12:3)
      at Layer.handleError (node_modules/router/lib/layer.js:116:17)
      at trimPrefix (node_modules/router/index.js:340:13)
      at node_modules/router/index.js:297:9
      at processParams (node_modules/router/index.js:582:12)
      at next (node_modules/router/index.js:291:5)
      at Layer.handleError (node_modules/router/lib/layer.js:111:12)
      at trimPrefix (node_modules/router/index.js:340:13)
      at node_modules/router/index.js:297:9
      at processParams (node_modules/router/index.js:582:12)
      at next (node_modules/router/index.js:291:5)
      at node_modules/router/index.js:688:15
      at Immediate.next (node_modules/router/index.js:276:14)
      at Immediate._onImmediate (node_modules/router/index.js:688:15)

    console.error
      [ERROR] Error: Medication not found

    [0m [90m 1 |[39m [36mconst[39m logger [33m=[39m {
     [90m 2 |[39m   info[33m:[39m (msg) [33m=>[39m console[33m.[39mlog([32m`[INFO] ${msg}`[39m)[33m,[39m
    [31m[1m>[22m[39m[90m 3 |[39m   error[33m:[39m (msg) [33m=>[39m console[33m.[39merror([32m`[ERROR] 
${msg}`[39m)[33m,[39m
     [90m   |[39m                           [31m[1m^[22m[39m
     [90m 4 |[39m   warn[33m:[39m (msg) [33m=>[39m console[33m.[39mwarn([32m`[WARN] ${msg}`[39m)[33m,[39m
     [90m 5 |[39m }[33m;[39m
     [90m 6 |[39m module[33m.[39mexports [33m=[39m logger[33m;[39m[0m

      at Object.error (src/utils/logger.js:3:27)
      at error (src/middlewares/error.middleware.js:25:10)
      at Layer.handleError (node_modules/router/lib/layer.js:116:17)
      at trimPrefix (node_modules/router/index.js:340:13)
      at node_modules/router/index.js:297:9
      at processParams (node_modules/router/index.js:582:12)
      at next (node_modules/router/index.js:291:5)
      at next (src/middlewares/error.middleware.js:12:3)
      at Layer.handleError (node_modules/router/lib/layer.js:116:17)
      at trimPrefix (node_modules/router/index.js:340:13)
      at node_modules/router/index.js:297:9
      at processParams (node_modules/router/index.js:582:12)
      at next (node_modules/router/index.js:291:5)
      at Layer.handleError (node_modules/router/lib/layer.js:111:12)
      at trimPrefix (node_modules/router/index.js:340:13)
      at node_modules/router/index.js:297:9
      at processParams (node_modules/router/index.js:582:12)
      at next (node_modules/router/index.js:291:5)
      at node_modules/router/index.js:688:15
      at Immediate.next (node_modules/router/index.js:276:14)
      at Immediate._onImmediate (node_modules/router/index.js:688:15)

    console.error
      [ERROR] Error: Authentication required. Please provide a valid token.

    [0m [90m 1 |[39m [36mconst[39m logger [33m=[39m {
     [90m 2 |[39m   info[33m:[39m (msg) [33m=>[39m console[33m.[39mlog([32m`[INFO] ${msg}`[39m)[33m,[39m
    [31m[1m>[22m[39m[90m 3 |[39m   error[33m:[39m (msg) [33m=>[39m console[33m.[39merror([32m`[ERROR] 
${msg}`[39m)[33m,[39m
     [90m   |[39m                           [31m[1m^[22m[39m
     [90m 4 |[39m   warn[33m:[39m (msg) [33m=>[39m console[33m.[39mwarn([32m`[WARN] ${msg}`[39m)[33m,[39m
     [90m 5 |[39m }[33m;[39m
     [90m 6 |[39m module[33m.[39mexports [33m=[39m logger[33m;[39m[0m

      at Object.error (src/utils/logger.js:3:27)
      at error (src/middlewares/error.middleware.js:25:10)
      at Layer.handleError (node_modules/router/lib/layer.js:116:17)
      at trimPrefix (node_modules/router/index.js:340:13)
      at node_modules/router/index.js:297:9
      at processParams (node_modules/router/index.js:582:12)
      at next (node_modules/router/index.js:291:5)
      at next (src/middlewares/error.middleware.js:12:3)
      at Layer.handleError (node_modules/router/lib/layer.js:116:17)
      at trimPrefix (node_modules/router/index.js:340:13)
      at node_modules/router/index.js:297:9
      at processParams (node_modules/router/index.js:582:12)
      at next (node_modules/router/index.js:291:5)
      at Layer.handleError (node_modules/router/lib/layer.js:111:12)
      at trimPrefix (node_modules/router/index.js:340:13)
      at node_modules/router/index.js:297:9
      at processParams (node_modules/router/index.js:582:12)
      at next (node_modules/router/index.js:291:5)
      at node_modules/router/index.js:688:15
      at next (node_modules/router/index.js:276:14)
      at node_modules/router/index.js:688:15
      at next (node_modules/router/index.js:276:14)
      at next (node_modules/router/lib/route.js:132:14)
      at Layer.handleError (node_modules/router/lib/layer.js:111:12)
      at next (node_modules/router/lib/route.js:155:13)
      at Layer.handleError (node_modules/router/lib/layer.js:111:12)
      at next (node_modules/router/lib/route.js:155:13)
      at Layer.handleError (node_modules/router/lib/layer.js:111:12)
      at next (node_modules/router/lib/route.js:155:13)
      at next (src/middlewares/auth.middleware.js:10:12)
      at Layer.handleRequest (node_modules/router/lib/layer.js:152:17)
      at next (node_modules/router/lib/route.js:157:13)
      at Route.dispatch (node_modules/router/lib/route.js:117:3)
      at handle (node_modules/router/index.js:435:11)
      at Layer.handleRequest (node_modules/router/lib/layer.js:152:17)
      at node_modules/router/index.js:295:15
      at processParams (node_modules/router/index.js:582:12)
      at next (node_modules/router/index.js:291:5)
      at Function.handle (node_modules/router/index.js:186:3)
      at router (node_modules/router/index.js:60:12)
      at Layer.handleRequest (node_modules/router/lib/layer.js:152:17)
      at trimPrefix (node_modules/router/index.js:342:13)
      at node_modules/router/index.js:297:9
      at processParams (node_modules/router/index.js:582:12)
      at next (node_modules/router/index.js:291:5)
      at Function.handle (node_modules/router/index.js:186:3)
      at router (node_modules/router/index.js:60:12)
      at Layer.handleRequest (node_modules/router/lib/layer.js:152:17)
      at trimPrefix (node_modules/router/index.js:342:13)
      at node_modules/router/index.js:297:9
      at processParams (node_modules/router/index.js:582:12)
      at next (node_modules/router/index.js:291:5)
      at cors (node_modules/cors/lib/index.js:188:7)
      at node_modules/cors/lib/index.js:224:17
      at originCallback (node_modules/cors/lib/index.js:214:15)
      at node_modules/cors/lib/index.js:219:13
      at optionsCallback (node_modules/cors/lib/index.js:199:9)
      at corsMiddleware (node_modules/cors/lib/index.js:204:7)
      at Layer.handleRequest (node_modules/router/lib/layer.js:152:17)
      at trimPrefix (node_modules/router/index.js:342:13)
      at node_modules/router/index.js:297:9
      at processParams (node_modules/router/index.js:582:12)
      at next (node_modules/router/index.js:291:5)
      at compression (node_modules/compression/index.js:243:5)
      at Layer.handleRequest (node_modules/router/lib/layer.js:152:17)
      at trimPrefix (node_modules/router/index.js:342:13)
      at node_modules/router/index.js:297:9
      at processParams (node_modules/router/index.js:582:12)
      at next (node_modules/router/index.js:291:5)
      at read (node_modules/body-parser/lib/read.js:42:5)
      at urlencodedParser (node_modules/body-parser/lib/types/urlencoded.js:51:5)
      at Layer.handleRequest (node_modules/router/lib/layer.js:152:17)
      at trimPrefix (node_modules/router/index.js:342:13)
      at node_modules/router/index.js:297:9
      at processParams (node_modules/router/index.js:582:12)
      at next (node_modules/router/index.js:291:5)
      at node_modules/body-parser/lib/read.js:171:5
      at invokeCallback (node_modules/raw-body/index.js:238:16)
      at done (node_modules/raw-body/index.js:227:7)
      at IncomingMessage.onEnd (node_modules/raw-body/index.js:287:7)

    console.error
      [ERROR] Error: Authentication required. Please provide a valid token.

    [0m [90m 1 |[39m [36mconst[39m logger [33m=[39m {
     [90m 2 |[39m   info[33m:[39m (msg) [33m=>[39m console[33m.[39mlog([32m`[INFO] ${msg}`[39m)[33m,[39m
    [31m[1m>[22m[39m[90m 3 |[39m   error[33m:[39m (msg) [33m=>[39m console[33m.[39merror([32m`[ERROR] 
${msg}`[39m)[33m,[39m
     [90m   |[39m                           [31m[1m^[22m[39m
     [90m 4 |[39m   warn[33m:[39m (msg) [33m=>[39m console[33m.[39mwarn([32m`[WARN] ${msg}`[39m)[33m,[39m
     [90m 5 |[39m }[33m;[39m
     [90m 6 |[39m module[33m.[39mexports [33m=[39m logger[33m;[39m[0m

      at Object.error (src/utils/logger.js:3:27)
      at error (src/middlewares/error.middleware.js:25:10)
      at Layer.handleError (node_modules/router/lib/layer.js:116:17)
      at trimPrefix (node_modules/router/index.js:340:13)
      at node_modules/router/index.js:297:9
      at processParams (node_modules/router/index.js:582:12)
      at next (node_modules/router/index.js:291:5)
      at next (src/middlewares/error.middleware.js:12:3)
      at Layer.handleError (node_modules/router/lib/layer.js:116:17)
      at trimPrefix (node_modules/router/index.js:340:13)
      at node_modules/router/index.js:297:9
      at processParams (node_modules/router/index.js:582:12)
      at next (node_modules/router/index.js:291:5)
      at Layer.handleError (node_modules/router/lib/layer.js:111:12)
      at trimPrefix (node_modules/router/index.js:340:13)
      at node_modules/router/index.js:297:9
      at processParams (node_modules/router/index.js:582:12)
      at next (node_modules/router/index.js:291:5)
      at node_modules/router/index.js:688:15
      at Immediate.next (node_modules/router/index.js:276:14)
      at Immediate._onImmediate (node_modules/router/index.js:688:15)

    console.error
      [ERROR] Error: Authentication required. Please provide a valid token.

    [0m [90m 1 |[39m [36mconst[39m logger [33m=[39m {
     [90m 2 |[39m   info[33m:[39m (msg) [33m=>[39m console[33m.[39mlog([32m`[INFO] ${msg}`[39m)[33m,[39m
    [31m[1m>[22m[39m[90m 3 |[39m   error[33m:[39m (msg) [33m=>[39m console[33m.[39merror([32m`[ERROR] 
${msg}`[39m)[33m,[39m
     [90m   |[39m                           [31m[1m^[22m[39m
     [90m 4 |[39m   warn[33m:[39m (msg) [33m=>[39m console[33m.[39mwarn([32m`[WARN] ${msg}`[39m)[33m,[39m
     [90m 5 |[39m }[33m;[39m
     [90m 6 |[39m module[33m.[39mexports [33m=[39m logger[33m;[39m[0m

      at Object.error (src/utils/logger.js:3:27)
      at error (src/middlewares/error.middleware.js:25:10)
      at Layer.handleError (node_modules/router/lib/layer.js:116:17)
      at trimPrefix (node_modules/router/index.js:340:13)
      at node_modules/router/index.js:297:9
      at processParams (node_modules/router/index.js:582:12)
      at next (node_modules/router/index.js:291:5)
      at next (src/middlewares/error.middleware.js:12:3)
      at Layer.handleError (node_modules/router/lib/layer.js:116:17)
      at trimPrefix (node_modules/router/index.js:340:13)
      at node_modules/router/index.js:297:9
      at processParams (node_modules/router/index.js:582:12)
      at next (node_modules/router/index.js:291:5)
      at Layer.handleError (node_modules/router/lib/layer.js:111:12)
      at trimPrefix (node_modules/router/index.js:340:13)
      at node_modules/router/index.js:297:9
      at processParams (node_modules/router/index.js:582:12)
      at next (node_modules/router/index.js:291:5)
      at node_modules/router/index.js:688:15
      at Immediate.next (node_modules/router/index.js:276:14)
      at Immediate._onImmediate (node_modules/router/index.js:688:15)

    console.error
      [ERROR] Error: MedicationIngredient not found

    [0m [90m 1 |[39m [36mconst[39m logger [33m=[39m {
     [90m 2 |[39m   info[33m:[39m (msg) [33m=>[39m console[33m.[39mlog([32m`[INFO] ${msg}`[39m)[33m,[39m
    [31m[1m>[22m[39m[90m 3 |[39m   error[33m:[39m (msg) [33m=>[39m console[33m.[39merror([32m`[ERROR] 
${msg}`[39m)[33m,[39m
     [90m   |[39m                           [31m[1m^[22m[39m
     [90m 4 |[39m   warn[33m:[39m (msg) [33m=>[39m console[33m.[39mwarn([32m`[WARN] ${msg}`[39m)[33m,[39m
     [90m 5 |[39m }[33m;[39m
     [90m 6 |[39m module[33m.[39mexports [33m=[39m logger[33m;[39m[0m

      at Object.error (src/utils/logger.js:3:27)
      at error (src/middlewares/error.middleware.js:25:10)
      at Layer.handleError (node_modules/router/lib/layer.js:116:17)
      at trimPrefix (node_modules/router/index.js:340:13)
      at node_modules/router/index.js:297:9
      at processParams (node_modules/router/index.js:582:12)
      at next (node_modules/router/index.js:291:5)
      at next (src/middlewares/error.middleware.js:12:3)
      at Layer.handleError (node_modules/router/lib/layer.js:116:17)
      at trimPrefix (node_modules/router/index.js:340:13)
      at node_modules/router/index.js:297:9
      at processParams (node_modules/router/index.js:582:12)
      at next (node_modules/router/index.js:291:5)
      at Layer.handleError (node_modules/router/lib/layer.js:111:12)
      at trimPrefix (node_modules/router/index.js:340:13)
      at node_modules/router/index.js:297:9
      at processParams (node_modules/router/index.js:582:12)
      at next (node_modules/router/index.js:291:5)
      at node_modules/router/index.js:688:15
      at Immediate.next (node_modules/router/index.js:276:14)
      at Immediate._onImmediate (node_modules/router/index.js:688:15)

    console.error
      [ERROR] Error: Authentication required. Please provide a valid token.

    [0m [90m 1 |[39m [36mconst[39m logger [33m=[39m {
     [90m 2 |[39m   info[33m:[39m (msg) [33m=>[39m console[33m.[39mlog([32m`[INFO] ${msg}`[39m)[33m,[39m
    [31m[1m>[22m[39m[90m 3 |[39m   error[33m:[39m (msg) [33m=>[39m console[33m.[39merror([32m`[ERROR] 
${msg}`[39m)[33m,[39m
     [90m   |[39m                           [31m[1m^[22m[39m
     [90m 4 |[39m   warn[33m:[39m (msg) [33m=>[39m console[33m.[39mwarn([32m`[WARN] ${msg}`[39m)[33m,[39m
     [90m 5 |[39m }[33m;[39m
     [90m 6 |[39m module[33m.[39mexports [33m=[39m logger[33m;[39m[0m

      at Object.error (src/utils/logger.js:3:27)
      at error (src/middlewares/error.middleware.js:25:10)
      at Layer.handleError (node_modules/router/lib/layer.js:116:17)
      at trimPrefix (node_modules/router/index.js:340:13)
      at node_modules/router/index.js:297:9
      at processParams (node_modules/router/index.js:582:12)
      at next (node_modules/router/index.js:291:5)
      at next (src/middlewares/error.middleware.js:12:3)
      at Layer.handleError (node_modules/router/lib/layer.js:116:17)
      at trimPrefix (node_modules/router/index.js:340:13)
      at node_modules/router/index.js:297:9
      at processParams (node_modules/router/index.js:582:12)
      at next (node_modules/router/index.js:291:5)
      at Layer.handleError (node_modules/router/lib/layer.js:111:12)
      at trimPrefix (node_modules/router/index.js:340:13)
      at node_modules/router/index.js:297:9
      at processParams (node_modules/router/index.js:582:12)
      at next (node_modules/router/index.js:291:5)
      at node_modules/router/index.js:688:15
      at next (node_modules/router/index.js:276:14)
      at node_modules/router/index.js:688:15
      at next (node_modules/router/index.js:276:14)
      at next (node_modules/router/lib/route.js:132:14)
      at Layer.handleError (node_modules/router/lib/layer.js:111:12)
      at next (node_modules/router/lib/route.js:155:13)
      at Layer.handleError (node_modules/router/lib/layer.js:111:12)
      at next (node_modules/router/lib/route.js:155:13)
      at Layer.handleError (node_modules/router/lib/layer.js:111:12)
      at next (node_modules/router/lib/route.js:155:13)
      at next (src/middlewares/auth.middleware.js:10:12)
      at Layer.handleRequest (node_modules/router/lib/layer.js:152:17)
      at next (node_modules/router/lib/route.js:157:13)
      at Route.dispatch (node_modules/router/lib/route.js:117:3)
      at handle (node_modules/router/index.js:435:11)
      at Layer.handleRequest (node_modules/router/lib/layer.js:152:17)
      at node_modules/router/index.js:295:15
      at processParams (node_modules/router/index.js:582:12)
      at next (node_modules/router/index.js:291:5)
      at Function.handle (node_modules/router/index.js:186:3)
      at router (node_modules/router/index.js:60:12)
      at Layer.handleRequest (node_modules/router/lib/layer.js:152:17)
      at trimPrefix (node_modules/router/index.js:342:13)
      at node_modules/router/index.js:297:9
      at processParams (node_modules/router/index.js:582:12)
      at next (node_modules/router/index.js:291:5)
      at Function.handle (node_modules/router/index.js:186:3)
      at router (node_modules/router/index.js:60:12)
      at Layer.handleRequest (node_modules/router/lib/layer.js:152:17)
      at trimPrefix (node_modules/router/index.js:342:13)
      at node_modules/router/index.js:297:9
      at processParams (node_modules/router/index.js:582:12)
      at next (node_modules/router/index.js:291:5)
      at cors (node_modules/cors/lib/index.js:188:7)
      at node_modules/cors/lib/index.js:224:17
      at originCallback (node_modules/cors/lib/index.js:214:15)
      at node_modules/cors/lib/index.js:219:13
      at optionsCallback (node_modules/cors/lib/index.js:199:9)
      at corsMiddleware (node_modules/cors/lib/index.js:204:7)
      at Layer.handleRequest (node_modules/router/lib/layer.js:152:17)
      at trimPrefix (node_modules/router/index.js:342:13)
      at node_modules/router/index.js:297:9
      at processParams (node_modules/router/index.js:582:12)
      at next (node_modules/router/index.js:291:5)
      at compression (node_modules/compression/index.js:243:5)
      at Layer.handleRequest (node_modules/router/lib/layer.js:152:17)
      at trimPrefix (node_modules/router/index.js:342:13)
      at node_modules/router/index.js:297:9
      at processParams (node_modules/router/index.js:582:12)
      at next (node_modules/router/index.js:291:5)
      at read (node_modules/body-parser/lib/read.js:42:5)
      at urlencodedParser (node_modules/body-parser/lib/types/urlencoded.js:51:5)
      at Layer.handleRequest (node_modules/router/lib/layer.js:152:17)
      at trimPrefix (node_modules/router/index.js:342:13)
      at node_modules/router/index.js:297:9
      at processParams (node_modules/router/index.js:582:12)
      at next (node_modules/router/index.js:291:5)
      at node_modules/body-parser/lib/read.js:171:5
      at invokeCallback (node_modules/raw-body/index.js:238:16)
      at done (node_modules/raw-body/index.js:227:7)
      at IncomingMessage.onEnd (node_modules/raw-body/index.js:287:7)

    console.error
      [ERROR] Error: Authentication required. Please provide a valid token.

    [0m [90m 1 |[39m [36mconst[39m logger [33m=[39m {
     [90m 2 |[39m   info[33m:[39m (msg) [33m=>[39m console[33m.[39mlog([32m`[INFO] ${msg}`[39m)[33m,[39m
    [31m[1m>[22m[39m[90m 3 |[39m   error[33m:[39m (msg) [33m=>[39m console[33m.[39merror([32m`[ERROR] 
${msg}`[39m)[33m,[39m
     [90m   |[39m                           [31m[1m^[22m[39m
     [90m 4 |[39m   warn[33m:[39m (msg) [33m=>[39m console[33m.[39mwarn([32m`[WARN] ${msg}`[39m)[33m,[39m
     [90m 5 |[39m }[33m;[39m
     [90m 6 |[39m module[33m.[39mexports [33m=[39m logger[33m;[39m[0m

      at Object.error (src/utils/logger.js:3:27)
      at error (src/middlewares/error.middleware.js:25:10)
      at Layer.handleError (node_modules/router/lib/layer.js:116:17)
      at trimPrefix (node_modules/router/index.js:340:13)
      at node_modules/router/index.js:297:9
      at processParams (node_modules/router/index.js:582:12)
      at next (node_modules/router/index.js:291:5)
      at next (src/middlewares/error.middleware.js:12:3)
      at Layer.handleError (node_modules/router/lib/layer.js:116:17)
      at trimPrefix (node_modules/router/index.js:340:13)
      at node_modules/router/index.js:297:9
      at processParams (node_modules/router/index.js:582:12)
      at next (node_modules/router/index.js:291:5)
      at Layer.handleError (node_modules/router/lib/layer.js:111:12)
      at trimPrefix (node_modules/router/index.js:340:13)
      at node_modules/router/index.js:297:9
      at processParams (node_modules/router/index.js:582:12)
      at next (node_modules/router/index.js:291:5)
      at node_modules/router/index.js:688:15
      at Immediate.next (node_modules/router/index.js:276:14)
      at Immediate._onImmediate (node_modules/router/index.js:688:15)

    console.error
      [ERROR] Error: Authentication required. Please provide a valid token.

    [0m [90m 1 |[39m [36mconst[39m logger [33m=[39m {
     [90m 2 |[39m   info[33m:[39m (msg) [33m=>[39m console[33m.[39mlog([32m`[INFO] ${msg}`[39m)[33m,[39m
    [31m[1m>[22m[39m[90m 3 |[39m   error[33m:[39m (msg) [33m=>[39m console[33m.[39merror([32m`[ERROR] 
${msg}`[39m)[33m,[39m
     [90m   |[39m                           [31m[1m^[22m[39m
     [90m 4 |[39m   warn[33m:[39m (msg) [33m=>[39m console[33m.[39mwarn([32m`[WARN] ${msg}`[39m)[33m,[39m
     [90m 5 |[39m }[33m;[39m
     [90m 6 |[39m module[33m.[39mexports [33m=[39m logger[33m;[39m[0m

      at Object.error (src/utils/logger.js:3:27)
      at error (src/middlewares/error.middleware.js:25:10)
      at Layer.handleError (node_modules/router/lib/layer.js:116:17)
      at trimPrefix (node_modules/router/index.js:340:13)
      at node_modules/router/index.js:297:9
      at processParams (node_modules/router/index.js:582:12)
      at next (node_modules/router/index.js:291:5)
      at next (src/middlewares/error.middleware.js:12:3)
      at Layer.handleError (node_modules/router/lib/layer.js:116:17)
      at trimPrefix (node_modules/router/index.js:340:13)
      at node_modules/router/index.js:297:9
      at processParams (node_modules/router/index.js:582:12)
      at next (node_modules/router/index.js:291:5)
      at Layer.handleError (node_modules/router/lib/layer.js:111:12)
      at trimPrefix (node_modules/router/index.js:340:13)
      at node_modules/router/index.js:297:9
      at processParams (node_modules/router/index.js:582:12)
      at next (node_modules/router/index.js:291:5)
      at node_modules/router/index.js:688:15
      at Immediate.next (node_modules/router/index.js:276:14)
      at Immediate._onImmediate (node_modules/router/index.js:688:15)

    console.error
      [ERROR] Error: Reimbursement not found

    [0m [90m 1 |[39m [36mconst[39m logger [33m=[39m {
     [90m 2 |[39m   info[33m:[39m (msg) [33m=>[39m console[33m.[39mlog([32m`[INFO] ${msg}`[39m)[33m,[39m
    [31m[1m>[22m[39m[90m 3 |[39m   error[33m:[39m (msg) [33m=>[39m console[33m.[39merror([32m`[ERROR] 
${msg}`[39m)[33m,[39m
     [90m   |[39m                           [31m[1m^[22m[39m
     [90m 4 |[39m   warn[33m:[39m (msg) [33m=>[39m console[33m.[39mwarn([32m`[WARN] ${msg}`[39m)[33m,[39m
     [90m 5 |[39m }[33m;[39m
     [90m 6 |[39m module[33m.[39mexports [33m=[39m logger[33m;[39m[0m

      at Object.error (src/utils/logger.js:3:27)
      at error (src/middlewares/error.middleware.js:25:10)
      at Layer.handleError (node_modules/router/lib/layer.js:116:17)
      at trimPrefix (node_modules/router/index.js:340:13)
      at node_modules/router/index.js:297:9
      at processParams (node_modules/router/index.js:582:12)
      at next (node_modules/router/index.js:291:5)
      at next (src/middlewares/error.middleware.js:12:3)
      at Layer.handleError (node_modules/router/lib/layer.js:116:17)
      at trimPrefix (node_modules/router/index.js:340:13)
      at node_modules/router/index.js:297:9
      at processParams (node_modules/router/index.js:582:12)
      at next (node_modules/router/index.js:291:5)
      at Layer.handleError (node_modules/router/lib/layer.js:111:12)
      at trimPrefix (node_modules/router/index.js:340:13)
      at node_modules/router/index.js:297:9
      at processParams (node_modules/router/index.js:582:12)
      at next (node_modules/router/index.js:291:5)
      at node_modules/router/index.js:688:15
      at Immediate.next (node_modules/router/index.js:276:14)
      at Immediate._onImmediate (node_modules/router/index.js:688:15)

    console.error
      [ERROR] Error: Authentication required. Please provide a valid token.

    [0m [90m 1 |[39m [36mconst[39m logger [33m=[39m {
     [90m 2 |[39m   info[33m:[39m (msg) [33m=>[39m console[33m.[39mlog([32m`[INFO] ${msg}`[39m)[33m,[39m
    [31m[1m>[22m[39m[90m 3 |[39m   error[33m:[39m (msg) [33m=>[39m console[33m.[39merror([32m`[ERROR] 
${msg}`[39m)[33m,[39m
     [90m   |[39m                           [31m[1m^[22m[39m
     [90m 4 |[39m   warn[33m:[39m (msg) [33m=>[39m console[33m.[39mwarn([32m`[WARN] ${msg}`[39m)[33m,[39m
     [90m 5 |[39m }[33m;[39m
     [90m 6 |[39m module[33m.[39mexports [33m=[39m logger[33m;[39m[0m

      at Object.error (src/utils/logger.js:3:27)
      at error (src/middlewares/error.middleware.js:25:10)
      at Layer.handleError (node_modules/router/lib/layer.js:116:17)
      at trimPrefix (node_modules/router/index.js:340:13)
      at node_modules/router/index.js:297:9
      at processParams (node_modules/router/index.js:582:12)
      at next (node_modules/router/index.js:291:5)
      at next (src/middlewares/error.middleware.js:12:3)
      at Layer.handleError (node_modules/router/lib/layer.js:116:17)
      at trimPrefix (node_modules/router/index.js:340:13)
      at node_modules/router/index.js:297:9
      at processParams (node_modules/router/index.js:582:12)
      at next (node_modules/router/index.js:291:5)
      at Layer.handleError (node_modules/router/lib/layer.js:111:12)
      at trimPrefix (node_modules/router/index.js:340:13)
      at node_modules/router/index.js:297:9
      at processParams (node_modules/router/index.js:582:12)
      at next (node_modules/router/index.js:291:5)
      at node_modules/router/index.js:688:15
      at next (node_modules/router/index.js:276:14)
      at node_modules/router/index.js:688:15
      at next (node_modules/router/index.js:276:14)
      at next (node_modules/router/lib/route.js:132:14)
      at Layer.handleError (node_modules/router/lib/layer.js:111:12)
      at next (node_modules/router/lib/route.js:155:13)
      at Layer.handleError (node_modules/router/lib/layer.js:111:12)
      at next (node_modules/router/lib/route.js:155:13)
      at Layer.handleError (node_modules/router/lib/layer.js:111:12)
      at next (node_modules/router/lib/route.js:155:13)
      at next (src/middlewares/auth.middleware.js:10:12)
      at Layer.handleRequest (node_modules/router/lib/layer.js:152:17)
      at next (node_modules/router/lib/route.js:157:13)
      at Route.dispatch (node_modules/router/lib/route.js:117:3)
      at handle (node_modules/router/index.js:435:11)
      at Layer.handleRequest (node_modules/router/lib/layer.js:152:17)
      at node_modules/router/index.js:295:15
      at processParams (node_modules/router/index.js:582:12)
      at next (node_modules/router/index.js:291:5)
      at Function.handle (node_modules/router/index.js:186:3)
      at router (node_modules/router/index.js:60:12)
      at Layer.handleRequest (node_modules/router/lib/layer.js:152:17)
      at trimPrefix (node_modules/router/index.js:342:13)
      at node_modules/router/index.js:297:9
      at processParams (node_modules/router/index.js:582:12)
      at next (node_modules/router/index.js:291:5)
      at Function.handle (node_modules/router/index.js:186:3)
      at router (node_modules/router/index.js:60:12)
      at Layer.handleRequest (node_modules/router/lib/layer.js:152:17)
      at trimPrefix (node_modules/router/index.js:342:13)
      at node_modules/router/index.js:297:9
      at processParams (node_modules/router/index.js:582:12)
      at next (node_modules/router/index.js:291:5)
      at cors (node_modules/cors/lib/index.js:188:7)
      at node_modules/cors/lib/index.js:224:17
      at originCallback (node_modules/cors/lib/index.js:214:15)
      at node_modules/cors/lib/index.js:219:13
      at optionsCallback (node_modules/cors/lib/index.js:199:9)
      at corsMiddleware (node_modules/cors/lib/index.js:204:7)
      at Layer.handleRequest (node_modules/router/lib/layer.js:152:17)
      at trimPrefix (node_modules/router/index.js:342:13)
      at node_modules/router/index.js:297:9
      at processParams (node_modules/router/index.js:582:12)
      at next (node_modules/router/index.js:291:5)
      at compression (node_modules/compression/index.js:243:5)
      at Layer.handleRequest (node_modules/router/lib/layer.js:152:17)
      at trimPrefix (node_modules/router/index.js:342:13)
      at node_modules/router/index.js:297:9
      at processParams (node_modules/router/index.js:582:12)
      at next (node_modules/router/index.js:291:5)
      at read (node_modules/body-parser/lib/read.js:42:5)
      at urlencodedParser (node_modules/body-parser/lib/types/urlencoded.js:51:5)
      at Layer.handleRequest (node_modules/router/lib/layer.js:152:17)
      at trimPrefix (node_modules/router/index.js:342:13)
      at node_modules/router/index.js:297:9
      at processParams (node_modules/router/index.js:582:12)
      at next (node_modules/router/index.js:291:5)
      at node_modules/body-parser/lib/read.js:171:5
      at invokeCallback (node_modules/raw-body/index.js:238:16)
      at done (node_modules/raw-body/index.js:227:7)
      at IncomingMessage.onEnd (node_modules/raw-body/index.js:287:7)

    console.error
      [ERROR] Error: Authentication required. Please provide a valid token.

    [0m [90m 1 |[39m [36mconst[39m logger [33m=[39m {
     [90m 2 |[39m   info[33m:[39m (msg) [33m=>[39m console[33m.[39mlog([32m`[INFO] ${msg}`[39m)[33m,[39m
    [31m[1m>[22m[39m[90m 3 |[39m   error[33m:[39m (msg) [33m=>[39m console[33m.[39merror([32m`[ERROR] 
${msg}`[39m)[33m,[39m
     [90m   |[39m                           [31m[1m^[22m[39m
     [90m 4 |[39m   warn[33m:[39m (msg) [33m=>[39m console[33m.[39mwarn([32m`[WARN] ${msg}`[39m)[33m,[39m
     [90m 5 |[39m }[33m;[39m
     [90m 6 |[39m module[33m.[39mexports [33m=[39m logger[33m;[39m[0m

      at Object.error (src/utils/logger.js:3:27)
      at error (src/middlewares/error.middleware.js:25:10)
      at Layer.handleError (node_modules/router/lib/layer.js:116:17)
      at trimPrefix (node_modules/router/index.js:340:13)
      at node_modules/router/index.js:297:9
      at processParams (node_modules/router/index.js:582:12)
      at next (node_modules/router/index.js:291:5)
      at next (src/middlewares/error.middleware.js:12:3)
      at Layer.handleError (node_modules/router/lib/layer.js:116:17)
      at trimPrefix (node_modules/router/index.js:340:13)
      at node_modules/router/index.js:297:9
      at processParams (node_modules/router/index.js:582:12)
      at next (node_modules/router/index.js:291:5)
      at Layer.handleError (node_modules/router/lib/layer.js:111:12)
      at trimPrefix (node_modules/router/index.js:340:13)
      at node_modules/router/index.js:297:9
      at processParams (node_modules/router/index.js:582:12)
      at next (node_modules/router/index.js:291:5)
      at node_modules/router/index.js:688:15
      at Immediate.next (node_modules/router/index.js:276:14)
      at Immediate._onImmediate (node_modules/router/index.js:688:15)

    console.error
      [ERROR] Error: Authentication required. Please provide a valid token.

    [0m [90m 1 |[39m [36mconst[39m logger [33m=[39m {
     [90m 2 |[39m   info[33m:[39m (msg) [33m=>[39m console[33m.[39mlog([32m`[INFO] ${msg}`[39m)[33m,[39m
    [31m[1m>[22m[39m[90m 3 |[39m   error[33m:[39m (msg) [33m=>[39m console[33m.[39merror([32m`[ERROR] 
${msg}`[39m)[33m,[39m
     [90m   |[39m                           [31m[1m^[22m[39m
     [90m 4 |[39m   warn[33m:[39m (msg) [33m=>[39m console[33m.[39mwarn([32m`[WARN] ${msg}`[39m)[33m,[39m
     [90m 5 |[39m }[33m;[39m
     [90m 6 |[39m module[33m.[39mexports [33m=[39m logger[33m;[39m[0m

      at Object.error (src/utils/logger.js:3:27)
      at error (src/middlewares/error.middleware.js:25:10)
      at Layer.handleError (node_modules/router/lib/layer.js:116:17)
      at trimPrefix (node_modules/router/index.js:340:13)
      at node_modules/router/index.js:297:9
      at processParams (node_modules/router/index.js:582:12)
      at next (node_modules/router/index.js:291:5)
      at next (src/middlewares/error.middleware.js:12:3)
      at Layer.handleError (node_modules/router/lib/layer.js:116:17)
      at trimPrefix (node_modules/router/index.js:340:13)
      at node_modules/router/index.js:297:9
      at processParams (node_modules/router/index.js:582:12)
      at next (node_modules/router/index.js:291:5)
      at Layer.handleError (node_modules/router/lib/layer.js:111:12)
      at trimPrefix (node_modules/router/index.js:340:13)
      at node_modules/router/index.js:297:9
      at processParams (node_modules/router/index.js:582:12)
      at next (node_modules/router/index.js:291:5)
      at node_modules/router/index.js:688:15
      at Immediate.next (node_modules/router/index.js:276:14)
      at Immediate._onImmediate (node_modules/router/index.js:688:15)

    console.error
      [ERROR] Error: ImportHistory not found

    [0m [90m 1 |[39m [36mconst[39m logger [33m=[39m {
     [90m 2 |[39m   info[33m:[39m (msg) [33m=>[39m console[33m.[39mlog([32m`[INFO] ${msg}`[39m)[33m,[39m
    [31m[1m>[22m[39m[90m 3 |[39m   error[33m:[39m (msg) [33m=>[39m console[33m.[39merror([32m`[ERROR] 
${msg}`[39m)[33m,[39m
     [90m   |[39m                           [31m[1m^[22m[39m
     [90m 4 |[39m   warn[33m:[39m (msg) [33m=>[39m console[33m.[39mwarn([32m`[WARN] ${msg}`[39m)[33m,[39m
     [90m 5 |[39m }[33m;[39m
     [90m 6 |[39m module[33m.[39mexports [33m=[39m logger[33m;[39m[0m

      at Object.error (src/utils/logger.js:3:27)
      at error (src/middlewares/error.middleware.js:25:10)
      at Layer.handleError (node_modules/router/lib/layer.js:116:17)
      at trimPrefix (node_modules/router/index.js:340:13)
      at node_modules/router/index.js:297:9
      at processParams (node_modules/router/index.js:582:12)
      at next (node_modules/router/index.js:291:5)
      at next (src/middlewares/error.middleware.js:12:3)
      at Layer.handleError (node_modules/router/lib/layer.js:116:17)
      at trimPrefix (node_modules/router/index.js:340:13)
      at node_modules/router/index.js:297:9
      at processParams (node_modules/router/index.js:582:12)
      at next (node_modules/router/index.js:291:5)
      at Layer.handleError (node_modules/router/lib/layer.js:111:12)
      at trimPrefix (node_modules/router/index.js:340:13)
      at node_modules/router/index.js:297:9
      at processParams (node_modules/router/index.js:582:12)
      at next (node_modules/router/index.js:291:5)
      at node_modules/router/index.js:688:15
      at Immediate.next (node_modules/router/index.js:276:14)
      at Immediate._onImmediate (node_modules/router/index.js:688:15)

    console.error
      [ERROR] Error: Authentication required. Please provide a valid token.

    [0m [90m 1 |[39m [36mconst[39m logger [33m=[39m {
     [90m 2 |[39m   info[33m:[39m (msg) [33m=>[39m console[33m.[39mlog([32m`[INFO] ${msg}`[39m)[33m,[39m
    [31m[1m>[22m[39m[90m 3 |[39m   error[33m:[39m (msg) [33m=>[39m console[33m.[39merror([32m`[ERROR] 
${msg}`[39m)[33m,[39m
     [90m   |[39m                           [31m[1m^[22m[39m
     [90m 4 |[39m   warn[33m:[39m (msg) [33m=>[39m console[33m.[39mwarn([32m`[WARN] ${msg}`[39m)[33m,[39m
     [90m 5 |[39m }[33m;[39m
     [90m 6 |[39m module[33m.[39mexports [33m=[39m logger[33m;[39m[0m

      at Object.error (src/utils/logger.js:3:27)
      at error (src/middlewares/error.middleware.js:25:10)
      at Layer.handleError (node_modules/router/lib/layer.js:116:17)
      at trimPrefix (node_modules/router/index.js:340:13)
      at node_modules/router/index.js:297:9
      at processParams (node_modules/router/index.js:582:12)
      at next (node_modules/router/index.js:291:5)
      at next (src/middlewares/error.middleware.js:12:3)
      at Layer.handleError (node_modules/router/lib/layer.js:116:17)
      at trimPrefix (node_modules/router/index.js:340:13)
      at node_modules/router/index.js:297:9
      at processParams (node_modules/router/index.js:582:12)
      at next (node_modules/router/index.js:291:5)
      at Layer.handleError (node_modules/router/lib/layer.js:111:12)
      at trimPrefix (node_modules/router/index.js:340:13)
      at node_modules/router/index.js:297:9
      at processParams (node_modules/router/index.js:582:12)
      at next (node_modules/router/index.js:291:5)
      at node_modules/router/index.js:688:15
      at next (node_modules/router/index.js:276:14)
      at node_modules/router/index.js:688:15
      at next (node_modules/router/index.js:276:14)
      at next (node_modules/router/lib/route.js:132:14)
      at Layer.handleError (node_modules/router/lib/layer.js:111:12)
      at next (node_modules/router/lib/route.js:155:13)
      at Layer.handleError (node_modules/router/lib/layer.js:111:12)
      at next (node_modules/router/lib/route.js:155:13)
      at Layer.handleError (node_modules/router/lib/layer.js:111:12)
      at next (node_modules/router/lib/route.js:155:13)
      at next (src/middlewares/auth.middleware.js:10:12)
      at Layer.handleRequest (node_modules/router/lib/layer.js:152:17)
      at next (node_modules/router/lib/route.js:157:13)
      at Route.dispatch (node_modules/router/lib/route.js:117:3)
      at handle (node_modules/router/index.js:435:11)
      at Layer.handleRequest (node_modules/router/lib/layer.js:152:17)
      at node_modules/router/index.js:295:15
      at processParams (node_modules/router/index.js:582:12)
      at next (node_modules/router/index.js:291:5)
      at Function.handle (node_modules/router/index.js:186:3)
      at router (node_modules/router/index.js:60:12)
      at Layer.handleRequest (node_modules/router/lib/layer.js:152:17)
      at trimPrefix (node_modules/router/index.js:342:13)
      at node_modules/router/index.js:297:9
      at processParams (node_modules/router/index.js:582:12)
      at next (node_modules/router/index.js:291:5)
      at Function.handle (node_modules/router/index.js:186:3)
      at router (node_modules/router/index.js:60:12)
      at Layer.handleRequest (node_modules/router/lib/layer.js:152:17)
      at trimPrefix (node_modules/router/index.js:342:13)
      at node_modules/router/index.js:297:9
      at processParams (node_modules/router/index.js:582:12)
      at next (node_modules/router/index.js:291:5)
      at cors (node_modules/cors/lib/index.js:188:7)
      at node_modules/cors/lib/index.js:224:17
      at originCallback (node_modules/cors/lib/index.js:214:15)
      at node_modules/cors/lib/index.js:219:13
      at optionsCallback (node_modules/cors/lib/index.js:199:9)
      at corsMiddleware (node_modules/cors/lib/index.js:204:7)
      at Layer.handleRequest (node_modules/router/lib/layer.js:152:17)
      at trimPrefix (node_modules/router/index.js:342:13)
      at node_modules/router/index.js:297:9
      at processParams (node_modules/router/index.js:582:12)
      at next (node_modules/router/index.js:291:5)
      at compression (node_modules/compression/index.js:243:5)
      at Layer.handleRequest (node_modules/router/lib/layer.js:152:17)
      at trimPrefix (node_modules/router/index.js:342:13)
      at node_modules/router/index.js:297:9
      at processParams (node_modules/router/index.js:582:12)
      at next (node_modules/router/index.js:291:5)
      at read (node_modules/body-parser/lib/read.js:42:5)
      at urlencodedParser (node_modules/body-parser/lib/types/urlencoded.js:51:5)
      at Layer.handleRequest (node_modules/router/lib/layer.js:152:17)
      at trimPrefix (node_modules/router/index.js:342:13)
      at node_modules/router/index.js:297:9
      at processParams (node_modules/router/index.js:582:12)
      at next (node_modules/router/index.js:291:5)
      at node_modules/body-parser/lib/read.js:171:5
      at invokeCallback (node_modules/raw-body/index.js:238:16)
      at done (node_modules/raw-body/index.js:227:7)
      at IncomingMessage.onEnd (node_modules/raw-body/index.js:287:7)

    console.error
      [ERROR] Error: Authentication required. Please provide a valid token.

    [0m [90m 1 |[39m [36mconst[39m logger [33m=[39m {
     [90m 2 |[39m   info[33m:[39m (msg) [33m=>[39m console[33m.[39mlog([32m`[INFO] ${msg}`[39m)[33m,[39m
    [31m[1m>[22m[39m[90m 3 |[39m   error[33m:[39m (msg) [33m=>[39m console[33m.[39merror([32m`[ERROR] 
${msg}`[39m)[33m,[39m
     [90m   |[39m                           [31m[1m^[22m[39m
     [90m 4 |[39m   warn[33m:[39m (msg) [33m=>[39m console[33m.[39mwarn([32m`[WARN] ${msg}`[39m)[33m,[39m
     [90m 5 |[39m }[33m;[39m
     [90m 6 |[39m module[33m.[39mexports [33m=[39m logger[33m;[39m[0m

      at Object.error (src/utils/logger.js:3:27)
      at error (src/middlewares/error.middleware.js:25:10)
      at Layer.handleError (node_modules/router/lib/layer.js:116:17)
      at trimPrefix (node_modules/router/index.js:340:13)
      at node_modules/router/index.js:297:9
      at processParams (node_modules/router/index.js:582:12)
      at next (node_modules/router/index.js:291:5)
      at next (src/middlewares/error.middleware.js:12:3)
      at Layer.handleError (node_modules/router/lib/layer.js:116:17)
      at trimPrefix (node_modules/router/index.js:340:13)
      at node_modules/router/index.js:297:9
      at processParams (node_modules/router/index.js:582:12)
      at next (node_modules/router/index.js:291:5)
      at Layer.handleError (node_modules/router/lib/layer.js:111:12)
      at trimPrefix (node_modules/router/index.js:340:13)
      at node_modules/router/index.js:297:9
      at processParams (node_modules/router/index.js:582:12)
      at next (node_modules/router/index.js:291:5)
      at node_modules/router/index.js:688:15
      at Immediate.next (node_modules/router/index.js:276:14)
      at Immediate._onImmediate (node_modules/router/index.js:688:15)

    console.error
      [ERROR] Error: Authentication required. Please provide a valid token.

    [0m [90m 1 |[39m [36mconst[39m logger [33m=[39m {
     [90m 2 |[39m   info[33m:[39m (msg) [33m=>[39m console[33m.[39mlog([32m`[INFO] ${msg}`[39m)[33m,[39m
    [31m[1m>[22m[39m[90m 3 |[39m   error[33m:[39m (msg) [33m=>[39m console[33m.[39merror([32m`[ERROR] 
${msg}`[39m)[33m,[39m
     [90m   |[39m                           [31m[1m^[22m[39m
     [90m 4 |[39m   warn[33m:[39m (msg) [33m=>[39m console[33m.[39mwarn([32m`[WARN] ${msg}`[39m)[33m,[39m
     [90m 5 |[39m }[33m;[39m
     [90m 6 |[39m module[33m.[39mexports [33m=[39m logger[33m;[39m[0m

      at Object.error (src/utils/logger.js:3:27)
      at error (src/middlewares/error.middleware.js:25:10)
      at Layer.handleError (node_modules/router/lib/layer.js:116:17)
      at trimPrefix (node_modules/router/index.js:340:13)
      at node_modules/router/index.js:297:9
      at processParams (node_modules/router/index.js:582:12)
      at next (node_modules/router/index.js:291:5)
      at next (src/middlewares/error.middleware.js:12:3)
      at Layer.handleError (node_modules/router/lib/layer.js:116:17)
      at trimPrefix (node_modules/router/index.js:340:13)
      at node_modules/router/index.js:297:9
      at processParams (node_modules/router/index.js:582:12)
      at next (node_modules/router/index.js:291:5)
      at Layer.handleError (node_modules/router/lib/layer.js:111:12)
      at trimPrefix (node_modules/router/index.js:340:13)
      at node_modules/router/index.js:297:9
      at processParams (node_modules/router/index.js:582:12)
      at next (node_modules/router/index.js:291:5)
      at node_modules/router/index.js:688:15
      at Immediate.next (node_modules/router/index.js:276:14)
      at Immediate._onImmediate (node_modules/router/index.js:688:15)

[0mDELETE /api/v1/import-histories/1 [32m204[0m 0.965 ms - -[0m
[0mDELETE /api/v1/import-histories/1 [33m401[0m 2.286 ms - 85[0m
[0mPOST /api/v1/auth/register [32m201[0m 286.546 ms - 503[0m
[0mPOST /api/v1/auth/register [33m409[0m 3.920 ms - 55[0m
[0mPOST /api/v1/auth/login [32m200[0m 65.912 ms - 472[0m
[0mPOST /api/v1/auth/login [33m401[0m 66.878 ms - 56[0m
PASS tests/integration/auth.api.test.js
  ÔùÅ Console

    console.error
      [ERROR] Error: Email already registered

    [0m [90m 1 |[39m [36mconst[39m logger [33m=[39m {
     [90m 2 |[39m   info[33m:[39m (msg) [33m=>[39m console[33m.[39mlog([32m`[INFO] ${msg}`[39m)[33m,[39m
    [31m[1m>[22m[39m[90m 3 |[39m   error[33m:[39m (msg) [33m=>[39m console[33m.[39merror([32m`[ERROR] 
${msg}`[39m)[33m,[39m
     [90m   |[39m                           [31m[1m^[22m[39m
     [90m 4 |[39m   warn[33m:[39m (msg) [33m=>[39m console[33m.[39mwarn([32m`[WARN] ${msg}`[39m)[33m,[39m
     [90m 5 |[39m }[33m;[39m
     [90m 6 |[39m module[33m.[39mexports [33m=[39m logger[33m;[39m[0m

      at Object.error (src/utils/logger.js:3:27)
      at error (src/middlewares/error.middleware.js:25:10)
      at Layer.handleError (node_modules/router/lib/layer.js:116:17)
      at trimPrefix (node_modules/router/index.js:340:13)
      at node_modules/router/index.js:297:9
      at processParams (node_modules/router/index.js:582:12)
      at next (node_modules/router/index.js:291:5)
      at next (src/middlewares/error.middleware.js:12:3)
      at Layer.handleError (node_modules/router/lib/layer.js:116:17)
      at trimPrefix (node_modules/router/index.js:340:13)
      at node_modules/router/index.js:297:9
      at processParams (node_modules/router/index.js:582:12)
      at next (node_modules/router/index.js:291:5)
      at Layer.handleError (node_modules/router/lib/layer.js:111:12)
      at trimPrefix (node_modules/router/index.js:340:13)
      at node_modules/router/index.js:297:9
      at processParams (node_modules/router/index.js:582:12)
      at next (node_modules/router/index.js:291:5)
      at node_modules/router/index.js:688:15
      at next (node_modules/router/index.js:276:14)
      at node_modules/router/index.js:688:15
      at next (node_modules/router/index.js:276:14)
      at next (node_modules/router/lib/route.js:132:14)
      at next (src/utils/catchAsync.js:2:54)

    console.error
      [ERROR] Error: Invalid email or password

    [0m [90m 1 |[39m [36mconst[39m logger [33m=[39m {
     [90m 2 |[39m   info[33m:[39m (msg) [33m=>[39m console[33m.[39mlog([32m`[INFO] ${msg}`[39m)[33m,[39m
    [31m[1m>[22m[39m[90m 3 |[39m   error[33m:[39m (msg) [33m=>[39m console[33m.[39merror([32m`[ERROR] 
${msg}`[39m)[33m,[39m
     [90m   |[39m                           [31m[1m^[22m[39m
     [90m 4 |[39m   warn[33m:[39m (msg) [33m=>[39m console[33m.[39mwarn([32m`[WARN] ${msg}`[39m)[33m,[39m
     [90m 5 |[39m }[33m;[39m
     [90m 6 |[39m module[33m.[39mexports [33m=[39m logger[33m;[39m[0m

      at Object.error (src/utils/logger.js:3:27)
      at error (src/middlewares/error.middleware.js:25:10)
      at Layer.handleError (node_modules/router/lib/layer.js:116:17)
      at trimPrefix (node_modules/router/index.js:340:13)
      at node_modules/router/index.js:297:9
      at processParams (node_modules/router/index.js:582:12)
      at next (node_modules/router/index.js:291:5)
      at next (src/middlewares/error.middleware.js:12:3)
      at Layer.handleError (node_modules/router/lib/layer.js:116:17)
      at trimPrefix (node_modules/router/index.js:340:13)
      at node_modules/router/index.js:297:9
      at processParams (node_modules/router/index.js:582:12)
      at next (node_modules/router/index.js:291:5)
      at Layer.handleError (node_modules/router/lib/layer.js:111:12)
      at trimPrefix (node_modules/router/index.js:340:13)
      at node_modules/router/index.js:297:9
      at processParams (node_modules/router/index.js:582:12)
      at next (node_modules/router/index.js:291:5)
      at node_modules/router/index.js:688:15
      at next (node_modules/router/index.js:276:14)
      at node_modules/router/index.js:688:15
      at next (node_modules/router/index.js:276:14)
      at next (node_modules/router/lib/route.js:132:14)
      at next (src/utils/catchAsync.js:2:54)

[0mPOST /api/v1/auth/refresh-token [32m200[0m 3.788 ms - 398[0m
[0mPOST /api/v1/auth/logout [32m200[0m 1.027 ms - 62[0m
[0mGET /api/v1/auth/me [32m200[0m 0.780 ms - 126[0m
[0mPOST /api/v1/import/excel [32m200[0m 18.585 ms - 142[0m
[0mPOST /api/v1/import/excel [33m401[0m 1.798 ms - 85[0m
[0mPOST /api/v1/import/excel [33m400[0m 1.384 ms - 58[0m
[0mPOST /api/v1/import/excel [32m200[0m 7.821 ms - 142[0m
PASS tests/integration/import.api.test.js
  ÔùÅ Console

    console.error
      [ERROR] Error: Authentication required. Please provide a valid token.

    [0m [90m 1 |[39m [36mconst[39m logger [33m=[39m {
     [90m 2 |[39m   info[33m:[39m (msg) [33m=>[39m console[33m.[39mlog([32m`[INFO] ${msg}`[39m)[33m,[39m
    [31m[1m>[22m[39m[90m 3 |[39m   error[33m:[39m (msg) [33m=>[39m console[33m.[39merror([32m`[ERROR] 
${msg}`[39m)[33m,[39m
     [90m   |[39m                           [31m[1m^[22m[39m
     [90m 4 |[39m   warn[33m:[39m (msg) [33m=>[39m console[33m.[39mwarn([32m`[WARN] ${msg}`[39m)[33m,[39m
     [90m 5 |[39m }[33m;[39m
     [90m 6 |[39m module[33m.[39mexports [33m=[39m logger[33m;[39m[0m

      at Object.error (src/utils/logger.js:3:27)
      at error (src/middlewares/error.middleware.js:25:10)
      at Layer.handleError (node_modules/router/lib/layer.js:116:17)
      at trimPrefix (node_modules/router/index.js:340:13)
      at node_modules/router/index.js:297:9
      at processParams (node_modules/router/index.js:582:12)
      at next (node_modules/router/index.js:291:5)
      at next (src/middlewares/error.middleware.js:12:3)
      at Layer.handleError (node_modules/router/lib/layer.js:116:17)
      at trimPrefix (node_modules/router/index.js:340:13)
      at node_modules/router/index.js:297:9
      at processParams (node_modules/router/index.js:582:12)
      at next (node_modules/router/index.js:291:5)
      at Layer.handleError (node_modules/router/lib/layer.js:111:12)
      at trimPrefix (node_modules/router/index.js:340:13)
      at node_modules/router/index.js:297:9
      at processParams (node_modules/router/index.js:582:12)
      at Immediate.next (node_modules/router/index.js:291:5)
      at Immediate._onImmediate (node_modules/router/index.js:688:15)

    console.error
      [ERROR] Error: Please upload an Excel file

    [0m [90m 1 |[39m [36mconst[39m logger [33m=[39m {
     [90m 2 |[39m   info[33m:[39m (msg) [33m=>[39m console[33m.[39mlog([32m`[INFO] ${msg}`[39m)[33m,[39m
    [31m[1m>[22m[39m[90m 3 |[39m   error[33m:[39m (msg) [33m=>[39m console[33m.[39merror([32m`[ERROR] 
${msg}`[39m)[33m,[39m
     [90m   |[39m                           [31m[1m^[22m[39m
     [90m 4 |[39m   warn[33m:[39m (msg) [33m=>[39m console[33m.[39mwarn([32m`[WARN] ${msg}`[39m)[33m,[39m
     [90m 5 |[39m }[33m;[39m
     [90m 6 |[39m module[33m.[39mexports [33m=[39m logger[33m;[39m[0m

      at Object.error (src/utils/logger.js:3:27)
      at error (src/middlewares/error.middleware.js:25:10)
      at Layer.handleError (node_modules/router/lib/layer.js:116:17)
      at trimPrefix (node_modules/router/index.js:340:13)
      at node_modules/router/index.js:297:9
      at processParams (node_modules/router/index.js:582:12)
      at next (node_modules/router/index.js:291:5)
      at next (src/middlewares/error.middleware.js:12:3)
      at Layer.handleError (node_modules/router/lib/layer.js:116:17)
      at trimPrefix (node_modules/router/index.js:340:13)
      at node_modules/router/index.js:297:9
      at processParams (node_modules/router/index.js:582:12)
      at next (node_modules/router/index.js:291:5)
      at Layer.handleError (node_modules/router/lib/layer.js:111:12)
      at trimPrefix (node_modules/router/index.js:340:13)
      at node_modules/router/index.js:297:9
      at processParams (node_modules/router/index.js:582:12)
      at Immediate.next (node_modules/router/index.js:291:5)
      at Immediate._onImmediate (node_modules/router/index.js:688:15)

    console.error
      [ERROR] Error saving row 2: Cannot read properties of undefined (reading 'id')

    [0m [90m 1 |[39m [36mconst[39m logger [33m=[39m {
     [90m 2 |[39m   info[33m:[39m (msg) [33m=>[39m console[33m.[39mlog([32m`[INFO] ${msg}`[39m)[33m,[39m
    [31m[1m>[22m[39m[90m 3 |[39m   error[33m:[39m (msg) [33m=>[39m console[33m.[39merror([32m`[ERROR] 
${msg}`[39m)[33m,[39m
     [90m   |[39m                           [31m[1m^[22m[39m
     [90m 4 |[39m   warn[33m:[39m (msg) [33m=>[39m console[33m.[39mwarn([32m`[WARN] ${msg}`[39m)[33m,[39m
     [90m 5 |[39m }[33m;[39m
     [90m 6 |[39m module[33m.[39mexports [33m=[39m logger[33m;[39m[0m

      at Object.error (src/utils/logger.js:3:27)
      at ImportService.error [as processExcelImport] (src/services/import.service.js:152:18)
      at src/controllers/import.controller.js:11:18

    console.error
      [ERROR] Error: Fatal read error

    [0m [90m 1 |[39m [36mconst[39m logger [33m=[39m {
     [90m 2 |[39m   info[33m:[39m (msg) [33m=>[39m console[33m.[39mlog([32m`[INFO] ${msg}`[39m)[33m,[39m
    [31m[1m>[22m[39m[90m 3 |[39m   error[33m:[39m (msg) [33m=>[39m console[33m.[39merror([32m`[ERROR] 
${msg}`[39m)[33m,[39m
     [90m   |[39m                           [31m[1m^[22m[39m
     [90m 4 |[39m   warn[33m:[39m (msg) [33m=>[39m console[33m.[39mwarn([32m`[WARN] ${msg}`[39m)[33m,[39m
     [90m 5 |[39m }[33m;[39m
     [90m 6 |[39m module[33m.[39mexports [33m=[39m logger[33m;[39m[0m

      at Object.error (src/utils/logger.js:3:27)
      at error (src/middlewares/error.middleware.js:25:10)
      at Layer.handleError (node_modules/router/lib/layer.js:116:17)
      at trimPrefix (node_modules/router/index.js:340:13)
      at node_modules/router/index.js:297:9
      at processParams (node_modules/router/index.js:582:12)
      at next (node_modules/router/index.js:291:5)
      at next (src/middlewares/error.middleware.js:12:3)
      at Layer.handleError (node_modules/router/lib/layer.js:116:17)
      at trimPrefix (node_modules/router/index.js:340:13)
      at node_modules/router/index.js:297:9
      at processParams (node_modules/router/index.js:582:12)
      at next (node_modules/router/index.js:291:5)
      at Layer.handleError (node_modules/router/lib/layer.js:111:12)
      at trimPrefix (node_modules/router/index.js:340:13)
      at node_modules/router/index.js:297:9
      at processParams (node_modules/router/index.js:582:12)
      at Immediate.next (node_modules/router/index.js:291:5)
      at Immediate._onImmediate (node_modules/router/index.js:688:15)

[0mPOST /api/v1/import/excel [31m500[0m 16.809 ms - 47[0m
PASS tests/unit/excelParser.service.test.js
PASS tests/unit/auth.service.test.js
PASS tests/unit/errorMiddleware.test.js
  ÔùÅ Console

    console.error
      [ERROR] Error: Validation failed

    [0m [90m 1 |[39m [36mconst[39m logger [33m=[39m {
     [90m 2 |[39m   info[33m:[39m (msg) [33m=>[39m console[33m.[39mlog([32m`[INFO] ${msg}`[39m)[33m,[39m
    [31m[1m>[22m[39m[90m 3 |[39m   error[33m:[39m (msg) [33m=>[39m console[33m.[39merror([32m`[ERROR] 
${msg}`[39m)[33m,[39m
     [90m   |[39m                           [31m[1m^[22m[39m
     [90m 4 |[39m   warn[33m:[39m (msg) [33m=>[39m console[33m.[39mwarn([32m`[WARN] ${msg}`[39m)[33m,[39m
     [90m 5 |[39m }[33m;[39m
     [90m 6 |[39m module[33m.[39mexports [33m=[39m logger[33m;[39m[0m

      at Object.error (src/utils/logger.js:3:27)
      at error (src/middlewares/error.middleware.js:25:10)
      at Object.errorHandler (tests/unit/errorMiddleware.test.js:52:7)

    console.error
      [ERROR] Error: Database crash

    [0m [90m 1 |[39m [36mconst[39m logger [33m=[39m {
     [90m 2 |[39m   info[33m:[39m (msg) [33m=>[39m console[33m.[39mlog([32m`[INFO] ${msg}`[39m)[33m,[39m
    [31m[1m>[22m[39m[90m 3 |[39m   error[33m:[39m (msg) [33m=>[39m console[33m.[39merror([32m`[ERROR] 
${msg}`[39m)[33m,[39m
     [90m   |[39m                           [31m[1m^[22m[39m
     [90m 4 |[39m   warn[33m:[39m (msg) [33m=>[39m console[33m.[39mwarn([32m`[WARN] ${msg}`[39m)[33m,[39m
     [90m 5 |[39m }[33m;[39m
     [90m 6 |[39m module[33m.[39mexports [33m=[39m logger[33m;[39m[0m

      at Object.error (src/utils/logger.js:3:27)
      at error (src/middlewares/error.middleware.js:25:10)
      at Object.errorHandler (tests/unit/errorMiddleware.test.js:67:7)

    console.error
      [ERROR] Error: Not Found

    [0m [90m 1 |[39m [36mconst[39m logger [33m=[39m {
     [90m 2 |[39m   info[33m:[39m (msg) [33m=>[39m console[33m.[39mlog([32m`[INFO] ${msg}`[39m)[33m,[39m
    [31m[1m>[22m[39m[90m 3 |[39m   error[33m:[39m (msg) [33m=>[39m console[33m.[39merror([32m`[ERROR] 
${msg}`[39m)[33m,[39m
     [90m   |[39m                           [31m[1m^[22m[39m
     [90m 4 |[39m   warn[33m:[39m (msg) [33m=>[39m console[33m.[39mwarn([32m`[WARN] ${msg}`[39m)[33m,[39m
     [90m 5 |[39m }[33m;[39m
     [90m 6 |[39m module[33m.[39mexports [33m=[39m logger[33m;[39m[0m

      at Object.error (src/utils/logger.js:3:27)
      at error (src/middlewares/error.middleware.js:25:10)
      at Object.errorHandler (tests/unit/errorMiddleware.test.js:82:7)

PASS tests/unit/utils.test.js
PASS tests/unit/baseRepository.test.js
PASS tests/unit/validateMiddleware.test.js
PASS tests/unit/validation.service.test.js
PASS tests/unit/queryBuilder.test.js
-------------------------------------|---------|----------|---------|---------|-------------------
File                                 | % Stmts | % Branch | % Funcs | % Lines | Uncovered Line #s 
-------------------------------------|---------|----------|---------|---------|-------------------
All files                            |   99.39 |    92.22 |   99.25 |   99.68 |                   
 src                                 |   96.15 |      100 |       0 |   96.15 |                   
  app.js                             |   96.15 |      100 |       0 |   96.15 | 32                
 src/controllers                     |     100 |      100 |     100 |     100 |                   
  activeIngredient.controller.js     |     100 |      100 |     100 |     100 |                   
  auth.controller.js                 |     100 |      100 |     100 |     100 |                   
  category.controller.js             |     100 |      100 |     100 |     100 |                   
  import.controller.js               |     100 |      100 |     100 |     100 |                   
  importHistory.controller.js        |     100 |      100 |     100 |     100 |                   
  manufacturer.controller.js         |     100 |      100 |     100 |     100 |                   
  medication.controller.js           |     100 |      100 |     100 |     100 |                   
  medicationIngredient.controller.js |     100 |      100 |     100 |     100 |                   
  organization.controller.js         |     100 |      100 |     100 |     100 |                   
  reimbursement.controller.js        |     100 |      100 |     100 |     100 |                   
 src/middlewares                     |     100 |    93.75 |     100 |     100 |                   
  error.middleware.js                |     100 |    91.66 |     100 |     100 | 9                 
  validate.middleware.js             |     100 |      100 |     100 |     100 |                   
 src/repositories                    |     100 |      100 |     100 |     100 |                   
  activeIngredient.repository.js     |     100 |      100 |     100 |     100 |                   
  base.repository.js                 |     100 |      100 |     100 |     100 |                   
  category.repository.js             |     100 |      100 |     100 |     100 |                   
  importHistory.repository.js        |     100 |      100 |     100 |     100 |                   
  manufacturer.repository.js         |     100 |      100 |     100 |     100 |                   
  medication.repository.js           |     100 |      100 |     100 |     100 |                   
  medicationIngredient.repository.js |     100 |      100 |     100 |     100 |                   
  organization.repository.js         |     100 |      100 |     100 |     100 |                   
  reimbursement.repository.js        |     100 |      100 |     100 |     100 |                   
 src/routes/api/v1                   |     100 |      100 |     100 |     100 |                   
  activeIngredient.routes.js         |     100 |      100 |     100 |     100 |                   
  auth.routes.js                     |     100 |      100 |     100 |     100 |                   
  category.routes.js                 |     100 |      100 |     100 |     100 |                   
  import.routes.js                   |     100 |      100 |     100 |     100 |                   
  importHistory.routes.js            |     100 |      100 |     100 |     100 |                   
  manufacturer.routes.js             |     100 |      100 |     100 |     100 |                   
  medication.routes.js               |     100 |      100 |     100 |     100 |                   
  medicationIngredient.routes.js     |     100 |      100 |     100 |     100 |                   
  organization.routes.js             |     100 |      100 |     100 |     100 |                   
  reimbursement.routes.js            |     100 |      100 |     100 |     100 |                   
 src/services                        |   98.33 |     91.5 |     100 |   99.41 |                   
  activeIngredient.service.js        |     100 |      100 |     100 |     100 |                   
  auth.service.js                    |   97.14 |    92.85 |     100 |   97.14 | 36                
  category.service.js                |     100 |      100 |     100 |     100 |                   
  excelParser.service.js             |     100 |       75 |     100 |     100 | 19                
  import.service.js                  |      98 |    71.42 |     100 |     100 | 89-158            
  importHistory.service.js           |     100 |      100 |     100 |     100 |                   
  manufacturer.service.js            |     100 |      100 |     100 |     100 |                   
  medication.service.js              |     100 |      100 |     100 |     100 |                   
  medicationIngredient.service.js    |     100 |      100 |     100 |     100 |                   
  organization.service.js            |     100 |      100 |     100 |     100 |                   
  reimbursement.service.js           |     100 |      100 |     100 |     100 |                   
  validation.service.js              |      96 |    95.94 |     100 |     100 | 12,20,37          
 src/utils                           |     100 |    87.87 |     100 |     100 |                   
  ApiError.js                        |     100 |      100 |     100 |     100 |                   
  catchAsync.js                      |     100 |      100 |     100 |     100 |                   
  jwt.js                             |     100 |      100 |     100 |     100 |                   
  logger.js                          |     100 |      100 |     100 |     100 |                   
  queryBuilder.js                    |     100 |     90.9 |     100 |     100 | 13                
  responseFormatter.js               |     100 |       70 |     100 |     100 | 1,13              
-------------------------------------|---------|----------|---------|---------|-------------------

Test Suites: 1 failed, 11 passed, 12 total
Tests:       1 failed, 136 passed, 137 total
Snapshots:   0 total
Time:        5.88 s
Ran all test suites.
